Archive member included to satisfy reference by file (symbol)

C:\work\workspace_stm\lib_uart\Debug\liblib_uart.a(lib_uart.o)
                              src/main.o (UART_lib_config)
C:\work\workspace_stm\nucleo-f446re_stdperiph_lib\Debug\libnucleo-f446re_stdperiph_lib.a(misc.o)
                              src/adc.o (NVIC_PriorityGroupConfig)
C:\work\workspace_stm\nucleo-f446re_stdperiph_lib\Debug\libnucleo-f446re_stdperiph_lib.a(stm32f4xx_adc.o)
                              src/adc.o (ADC_Init)
C:\work\workspace_stm\nucleo-f446re_stdperiph_lib\Debug\libnucleo-f446re_stdperiph_lib.a(stm32f4xx_dac.o)
                              src/dac.o (DAC_Init)
C:\work\workspace_stm\nucleo-f446re_stdperiph_lib\Debug\libnucleo-f446re_stdperiph_lib.a(stm32f4xx_dma.o)
                              src/dac.o (DMA_DeInit)
C:\work\workspace_stm\nucleo-f446re_stdperiph_lib\Debug\libnucleo-f446re_stdperiph_lib.a(stm32f4xx_gpio.o)
                              src/adc.o (GPIO_Init)
C:\work\workspace_stm\nucleo-f446re_stdperiph_lib\Debug\libnucleo-f446re_stdperiph_lib.a(stm32f4xx_rcc.o)
                              src/timer.o (RCC_GetClocksFreq)
C:\work\workspace_stm\nucleo-f446re_stdperiph_lib\Debug\libnucleo-f446re_stdperiph_lib.a(stm32f4xx_tim.o)
                              src/timer.o (TIM_TimeBaseInit)
C:\work\workspace_stm\nucleo-f446re_stdperiph_lib\Debug\libnucleo-f446re_stdperiph_lib.a(stm32f4xx_usart.o)
                              C:\work\workspace_stm\lib_uart\Debug\liblib_uart.a(lib_uart.o) (USART_Init)
c:/ac6/systemworkbench/plugins/fr.ac6.mcu.externaltools.arm-none.win32_1.17.0.201812190825/tools/compiler/bin/../lib/gcc/arm-none-eabi/7.3.1/../../../../arm-none-eabi/lib/thumb/v7e-m/fpv4-sp/hard\libc.a(lib_a-errno.o)
                              src/syscalls.o (__errno)
c:/ac6/systemworkbench/plugins/fr.ac6.mcu.externaltools.arm-none.win32_1.17.0.201812190825/tools/compiler/bin/../lib/gcc/arm-none-eabi/7.3.1/../../../../arm-none-eabi/lib/thumb/v7e-m/fpv4-sp/hard\libc.a(lib_a-exit.o)
                              c:/ac6/systemworkbench/plugins/fr.ac6.mcu.externaltools.arm-none.win32_1.17.0.201812190825/tools/compiler/bin/../lib/gcc/arm-none-eabi/7.3.1/../../../../arm-none-eabi/lib/thumb/v7e-m/fpv4-sp/hard/crt0.o (exit)
c:/ac6/systemworkbench/plugins/fr.ac6.mcu.externaltools.arm-none.win32_1.17.0.201812190825/tools/compiler/bin/../lib/gcc/arm-none-eabi/7.3.1/../../../../arm-none-eabi/lib/thumb/v7e-m/fpv4-sp/hard\libc.a(lib_a-impure.o)
                              c:/ac6/systemworkbench/plugins/fr.ac6.mcu.externaltools.arm-none.win32_1.17.0.201812190825/tools/compiler/bin/../lib/gcc/arm-none-eabi/7.3.1/../../../../arm-none-eabi/lib/thumb/v7e-m/fpv4-sp/hard\libc.a(lib_a-exit.o) (_global_impure_ptr)
c:/ac6/systemworkbench/plugins/fr.ac6.mcu.externaltools.arm-none.win32_1.17.0.201812190825/tools/compiler/bin/../lib/gcc/arm-none-eabi/7.3.1/../../../../arm-none-eabi/lib/thumb/v7e-m/fpv4-sp/hard\libc.a(lib_a-init.o)
                              c:/ac6/systemworkbench/plugins/fr.ac6.mcu.externaltools.arm-none.win32_1.17.0.201812190825/tools/compiler/bin/../lib/gcc/arm-none-eabi/7.3.1/../../../../arm-none-eabi/lib/thumb/v7e-m/fpv4-sp/hard/crt0.o (__libc_init_array)
c:/ac6/systemworkbench/plugins/fr.ac6.mcu.externaltools.arm-none.win32_1.17.0.201812190825/tools/compiler/bin/../lib/gcc/arm-none-eabi/7.3.1/../../../../arm-none-eabi/lib/thumb/v7e-m/fpv4-sp/hard\libc.a(lib_a-memset.o)
                              c:/ac6/systemworkbench/plugins/fr.ac6.mcu.externaltools.arm-none.win32_1.17.0.201812190825/tools/compiler/bin/../lib/gcc/arm-none-eabi/7.3.1/../../../../arm-none-eabi/lib/thumb/v7e-m/fpv4-sp/hard/crt0.o (memset)
c:/ac6/systemworkbench/plugins/fr.ac6.mcu.externaltools.arm-none.win32_1.17.0.201812190825/tools/compiler/bin/../lib/gcc/arm-none-eabi/7.3.1/../../../../arm-none-eabi/lib/thumb/v7e-m/fpv4-sp/hard\libc.a(lib_a-snprintf.o)
                              src/main.o (snprintf)
c:/ac6/systemworkbench/plugins/fr.ac6.mcu.externaltools.arm-none.win32_1.17.0.201812190825/tools/compiler/bin/../lib/gcc/arm-none-eabi/7.3.1/../../../../arm-none-eabi/lib/thumb/v7e-m/fpv4-sp/hard\libc.a(lib_a-strlen.o)
                              src/main.o (strlen)
c:/ac6/systemworkbench/plugins/fr.ac6.mcu.externaltools.arm-none.win32_1.17.0.201812190825/tools/compiler/bin/../lib/gcc/arm-none-eabi/7.3.1/../../../../arm-none-eabi/lib/thumb/v7e-m/fpv4-sp/hard\libc.a(lib_a-svfprintf.o)
                              c:/ac6/systemworkbench/plugins/fr.ac6.mcu.externaltools.arm-none.win32_1.17.0.201812190825/tools/compiler/bin/../lib/gcc/arm-none-eabi/7.3.1/../../../../arm-none-eabi/lib/thumb/v7e-m/fpv4-sp/hard\libc.a(lib_a-snprintf.o) (_svfprintf_r)
c:/ac6/systemworkbench/plugins/fr.ac6.mcu.externaltools.arm-none.win32_1.17.0.201812190825/tools/compiler/bin/../lib/gcc/arm-none-eabi/7.3.1/../../../../arm-none-eabi/lib/thumb/v7e-m/fpv4-sp/hard\libc.a(lib_a-__call_atexit.o)
[...]
Memory Configuration

Name             Origin             Length             Attributes
RAM              0x20000000         0x00020000         xrw
ROM              0x08000000         0x00080000         xr
*default*        0x00000000         0xffffffff

Linker script and memory map

LOAD c:/ac6/systemworkbench/plugins/fr.ac6.mcu.externaltools.arm-none.win32_1.17.0.201812190825/tools/compiler/bin/../lib/gcc/arm-none-eabi/7.3.1/thumb/v7e-m/fpv4-sp/hard/crti.o
LOAD c:/ac6/systemworkbench/plugins/fr.ac6.mcu.externaltools.arm-none.win32_1.17.0.201812190825/tools/compiler/bin/../lib/gcc/arm-none-eabi/7.3.1/thumb/v7e-m/fpv4-sp/hard/crtbegin.o
LOAD c:/ac6/systemworkbench/plugins/fr.ac6.mcu.externaltools.arm-none.win32_1.17.0.201812190825/tools/compiler/bin/../lib/gcc/arm-none-eabi/7.3.1/../../../../arm-none-eabi/lib/thumb/v7e-m/fpv4-sp/hard/crt0.o
LOAD src/adc.o
LOAD src/dac.o
LOAD src/main.o
LOAD src/syscalls.o
LOAD src/system_stm32f4xx.o
LOAD src/timer.o
LOAD startup/startup_stm32.o
LOAD C:\work\workspace_stm\lib_uart\Debug\liblib_uart.a
LOAD C:\work\workspace_stm\nucleo-f446re_stdperiph_lib\Debug\libnucleo-f446re_stdperiph_lib.a
LOAD c:/ac6/systemworkbench/plugins/fr.ac6.mcu.externaltools.arm-none.win32_1.17.0.201812190825/tools/compiler/bin/../lib/gcc/arm-none-eabi/7.3.1/../../../../arm-none-eabi/lib/thumb/v7e-m/fpv4-sp/hard\libm.a
START GROUP
LOAD c:/ac6/systemworkbench/plugins/fr.ac6.mcu.externaltools.arm-none.win32_1.17.0.201812190825/tools/compiler/bin/../lib/gcc/arm-none-eabi/7.3.1/thumb/v7e-m/fpv4-sp/hard\libgcc.a
LOAD c:/ac6/systemworkbench/plugins/fr.ac6.mcu.externaltools.arm-none.win32_1.17.0.201812190825/tools/compiler/bin/../lib/gcc/arm-none-eabi/7.3.1/../../../../arm-none-eabi/lib/thumb/v7e-m/fpv4-sp/hard\libc.a
END GROUP
LOAD c:/ac6/systemworkbench/plugins/fr.ac6.mcu.externaltools.arm-none.win32_1.17.0.201812190825/tools/compiler/bin/../lib/gcc/arm-none-eabi/7.3.1/thumb/v7e-m/fpv4-sp/hard/crtend.o
LOAD c:/ac6/systemworkbench/plugins/fr.ac6.mcu.externaltools.arm-none.win32_1.17.0.201812190825/tools/compiler/bin/../lib/gcc/arm-none-eabi/7.3.1/thumb/v7e-m/fpv4-sp/hard/crtn.o
                0x20020000                _estack = 0x20020000
                0x00000000                _Min_Heap_Size = 0x0
                0x00000400                _Min_Stack_Size = 0x400

.isr_vector     0x08000000      0x1c4
                0x08000000                . = ALIGN (0x4)
 *(.isr_vector)
 .isr_vector    0x08000000      0x1c4 startup/startup_stm32.o
                0x08000000                g_pfnVectors
                0x080001c4                . = ALIGN (0x4)

.text           0x08000200     0x68cc
                0x08000200                . = ALIGN (0x4)
 *(.text)
 .text          0x08000200       0x40 c:/ac6/systemworkbench/plugins/fr.ac6.mcu.externaltools.arm-none.win32_1.17.0.201812190825/tools/compiler/bin/../lib/gcc/arm-none-eabi/7.3.1/thumb/v7e-m/fpv4-sp/hard/crtbegin.o
 .text          0x08000240       0xdc c:/ac6/systemworkbench/plugins/fr.ac6.mcu.externaltools.arm-none.win32_1.17.0.201812190825/tools/compiler/bin/../lib/gcc/arm-none-eabi/7.3.1/../../../../arm-none-eabi/lib/thumb/v7e-m/fpv4-sp/hard\libc.a(lib_a-strlen.o)
                0x08000240                strlen
 *fill*         0x0800031c        0x4 
 .text          0x08000320       0xa0 c:/ac6/systemworkbench/plugins/fr.ac6.mcu.externaltools.arm-none.win32_1.17.0.201812190825/tools/compiler/bin/../lib/gcc/arm-none-eabi/7.3.1/../../../../arm-none-eabi/lib/thumb/v7e-m/fpv4-sp/hard\libc.a(lib_a-memchr.o)
                0x08000320                memchr
 .text          0x080003c0      0x134 c:/ac6/systemworkbench/plugins/fr.ac6.mcu.externaltools.arm-none.win32_1.17.0.201812190825/tools/compiler/bin/../lib/gcc/arm-none-eabi/7.3.1/../../../../arm-none-eabi/lib/thumb/v7e-m/fpv4-sp/hard\libc.a(lib_a-memcpy.o)
                0x080003c0                memcpy
 .text          0x080004f4      0x378 c:/ac6/systemworkbench/plugins/fr.ac6.mcu.externaltools.arm-none.win32_1.17.0.201812190825/tools/compiler/bin/../lib/gcc/arm-none-eabi/7.3.1/thumb/v7e-m/fpv4-sp/hard\libgcc.a(_arm_addsubdf3.o)
                0x080004f4                __aeabi_drsub
                0x080004fc                __aeabi_dsub
                0x080004fc                __subdf3
                0x08000500                __aeabi_dadd
                0x08000500                __adddf3
                0x08000778                __floatunsidf
                0x08000778                __aeabi_ui2d
                0x08000798                __floatsidf
                0x08000798                __aeabi_i2d
                0x080007bc                __aeabi_f2d
                0x080007bc                __extendsfdf2
                0x08000800                __floatundidf
                0x08000800                __aeabi_ul2d
                0x08000810                __floatdidf
                0x08000810                __aeabi_l2d
 .text          0x0800086c      0x424 c:/ac6/systemworkbench/plugins/fr.ac6.mcu.externaltools.arm-none.win32_1.17.0.201812190825/tools/compiler/bin/../lib/gcc/arm-none-eabi/7.3.1/thumb/v7e-m/fpv4-sp/hard\libgcc.a(_arm_muldivdf3.o)
                0x0800086c                __aeabi_dmul
                0x0800086c                __muldf3
                0x08000ac0                __divdf3
                0x08000ac0                __aeabi_ddiv
 .text          0x08000c90      0x110 c:/ac6/systemworkbench/plugins/fr.ac6.mcu.externaltools.arm-none.win32_1.17.0.201812190825/tools/compiler/bin/../lib/gcc/arm-none-eabi/7.3.1/thumb/v7e-m/fpv4-sp/hard\libgcc.a(_arm_cmpdf2.o)
                0x08000c90                __gtdf2
                0x08000c90                __gedf2
                0x08000c98                __ltdf2
                0x08000c98                __ledf2
                0x08000ca0                __nedf2
                0x08000ca0                __eqdf2
                0x08000ca0                __cmpdf2
                0x08000d1c                __aeabi_cdrcmple
                0x08000d2c                __aeabi_cdcmpeq
                0x08000d2c                __aeabi_cdcmple
                0x08000d3c                __aeabi_dcmpeq
                0x08000d50                __aeabi_dcmplt
                0x08000d64                __aeabi_dcmple
                0x08000d78                __aeabi_dcmpge
                0x08000d8c                __aeabi_dcmpgt
 .text          0x08000da0       0x2c c:/ac6/systemworkbench/plugins/fr.ac6.mcu.externaltools.arm-none.win32_1.17.0.201812190825/tools/compiler/bin/../lib/gcc/arm-none-eabi/7.3.1/thumb/v7e-m/fpv4-sp/hard\libgcc.a(_arm_unorddf2.o)
                0x08000da0                __unorddf2
                0x08000da0                __aeabi_dcmpun
 .text          0x08000dcc       0x50 c:/ac6/systemworkbench/plugins/fr.ac6.mcu.externaltools.arm-none.win32_1.17.0.201812190825/tools/compiler/bin/../lib/gcc/arm-none-eabi/7.3.1/thumb/v7e-m/fpv4-sp/hard\libgcc.a(_arm_fixdfsi.o)
                0x08000dcc                __aeabi_d2iz
                0x08000dcc                __fixdfsi
 .text          0x08000e1c       0x30 c:/ac6/systemworkbench/plugins/fr.ac6.mcu.externaltools.arm-none.win32_1.17.0.201812190825/tools/compiler/bin/../lib/gcc/arm-none-eabi/7.3.1/thumb/v7e-m/fpv4-sp/hard\libgcc.a(_aeabi_uldivmod.o)
                0x08000e1c                __aeabi_uldivmod
 .text          0x08000e4c      0x2cc c:/ac6/systemworkbench/plugins/fr.ac6.mcu.externaltools.arm-none.win32_1.17.0.201812190825/tools/compiler/bin/../lib/gcc/arm-none-eabi/7.3.1/thumb/v7e-m/fpv4-sp/hard\libgcc.a(_udivmoddi4.o)
                0x08000e4c                __udivmoddi4
 .text          0x08001118        0x4 c:/ac6/systemworkbench/plugins/fr.ac6.mcu.externaltools.arm-none.win32_1.17.0.201812190825/tools/compiler/bin/../lib/gcc/arm-none-eabi/7.3.1/thumb/v7e-m/fpv4-sp/hard\libgcc.a(_dvmd_tls.o)
                0x08001118                __aeabi_idiv0
                0x08001118                __aeabi_ldiv0
 *(.text*)
 .text.ADC_DMA_Init
                0x0800111c       0xcc src/adc.o
                0x0800111c                ADC_DMA_Init
 .text.ADC_return_val
                0x080011e8       0x30 src/adc.o
                0x080011e8                ADC_return_val
 .text.DMA_ADC_Config
                0x08001218       0xa0 src/adc.o
 .text.DMA_NVIC_Configuration
                0x080012b8       0x2e src/adc.o
 *fill*         0x080012e6        0x2 
 .text.DMA2_Stream0_IRQHandler
                0x080012e8       0x54 src/adc.o
                0x080012e8                DMA2_Stream0_IRQHandler
 .text.DMA1_Stream5_IRQHandler
                0x0800133c       0x54 src/dac.o
                0x0800133c                DMA1_Stream5_IRQHandler
 .text.DMA1_Stream6_IRQHandler
                0x08001390       0x54 src/dac.o
                0x08001390                DMA1_Stream6_IRQHandler
 .text.main     0x080013e4      0x148 src/main.o
                0x080013e4                main
 .text._sbrk    0x0800152c       0x58 src/syscalls.o
                0x0800152c                _sbrk
 .text.SystemInit
                0x08001584       0x6c src/system_stm32f4xx.o
                0x08001584                SystemInit
 .text.SetSysClock
                0x080015f0      0x12c src/system_stm32f4xx.o
 .text.TIM2_Config
                0x0800171c       0x70 src/timer.o
                0x0800171c                TIM2_Config
 .text.Reset_Handler
                0x0800178c       0x50 startup/startup_stm32.o
                0x0800178c                Reset_Handler
 .text.Default_Handler
                0x080017dc        0x2 startup/startup_stm32.o
                0x080017dc                RTC_Alarm_IRQHandler
                0x080017dc                EXTI2_IRQHandler
                0x080017dc                TIM8_CC_IRQHandler
                0x080017dc                SPDIF_Rx_IRQHandler
                0x080017dc                DebugMon_Handler
                0x080017dc                SPI4_IRQHandler
                0x080017dc                TIM1_CC_IRQHandler
                0x080017dc                QuadSPI_IRQHandler
                0x080017dc                DMA2_Stream5_IRQHandler
                0x080017dc                HardFault_Handler
                0x080017dc                SysTick_Handler
                0x080017dc                PVD_IRQHandler
                0x080017dc                SDIO_IRQHandler
                0x080017dc                TAMP_STAMP_IRQHandler
                0x080017dc                PendSV_Handler
                0x080017dc                NMI_Handler
                0x080017dc                CAN2_RX1_IRQHandler
                0x080017dc                EXTI3_IRQHandler
                0x080017dc                TIM8_TRG_COM_TIM14_IRQHandler
                0x080017dc                TIM1_UP_TIM10_IRQHandler
                0x080017dc                FMPI2C1_error_IRQHandler
                0x080017dc                TIM8_UP_TIM13_IRQHandler
                0x080017dc                I2C3_ER_IRQHandler
                0x080017dc                EXTI0_IRQHandler
                0x080017dc                I2C2_EV_IRQHandler
                0x080017dc                DMA1_Stream2_IRQHandler
                0x080017dc                CAN1_RX0_IRQHandler
                0x080017dc                FPU_IRQHandler
                0x080017dc                OTG_HS_WKUP_IRQHandler
                0x080017dc                UsageFault_Handler
                0x080017dc                CAN2_SCE_IRQHandler
                0x080017dc                DMA2_Stream2_IRQHandler
                0x080017dc                SPI1_IRQHandler
                0x080017dc                TIM6_DAC_IRQHandler
                0x080017dc                TIM1_BRK_TIM9_IRQHandler
                0x080017dc                DCMI_IRQHandler
                0x080017dc                CAN2_RX0_IRQHandler
                0x080017dc                DMA2_Stream3_IRQHandler
                0x080017dc                FMPI2C1_IRQHandler
                0x080017dc                SAI2_IRQHandler
                0x080017dc                USART6_IRQHandler
                0x080017dc                USART3_IRQHandler
                0x080017dc                CAN1_RX1_IRQHandler
                0x080017dc                UART5_IRQHandler
                0x080017dc                TIM4_IRQHandler
                0x080017dc                I2C1_EV_IRQHandler
                0x080017dc                HDMI_CEC_IRQHandler
                0x080017dc                DMA1_Stream1_IRQHandler
                0x080017dc                UART4_IRQHandler
                0x080017dc                TIM3_IRQHandler
                0x080017dc                RCC_IRQHandler
                0x080017dc                TIM8_BRK_TIM12_IRQHandler
                0x080017dc                Default_Handler
                0x080017dc                EXTI15_10_IRQHandler
                0x080017dc                ADC_IRQHandler
                0x080017dc                DMA1_Stream7_IRQHandler
                0x080017dc                TIM7_IRQHandler
                0x080017dc                CAN2_TX_IRQHandler
                0x080017dc                TIM5_IRQHandler
                0x080017dc                DMA2_Stream7_IRQHandler
                0x080017dc                I2C3_EV_IRQHandler
                0x080017dc                EXTI9_5_IRQHandler
                0x080017dc                RTC_WKUP_IRQHandler
                0x080017dc                SPI2_IRQHandler
                0x080017dc                OTG_HS_EP1_IN_IRQHandler
                0x080017dc                MemManage_Handler
                0x080017dc                DMA1_Stream0_IRQHandler
                0x080017dc                CAN1_TX_IRQHandler
                0x080017dc                SVC_Handler
                0x080017dc                EXTI4_IRQHandler
                0x080017dc                OTG_HS_EP1_OUT_IRQHandler
                0x080017dc                WWDG_IRQHandler
                0x080017dc                TIM2_IRQHandler
                0x080017dc                OTG_FS_WKUP_IRQHandler
                0x080017dc                TIM1_TRG_COM_TIM11_IRQHandler
                0x080017dc                OTG_HS_IRQHandler
                0x080017dc                EXTI1_IRQHandler
                0x080017dc                USART2_IRQHandler
                0x080017dc                I2C2_ER_IRQHandler
                0x080017dc                DMA2_Stream1_IRQHandler
                0x080017dc                CAN1_SCE_IRQHandler
                0x080017dc                FLASH_IRQHandler
                0x080017dc                DMA2_Stream4_IRQHandler
                0x080017dc                BusFault_Handler
                0x080017dc                USART1_IRQHandler
                0x080017dc                OTG_FS_IRQHandler
                0x080017dc                SPI3_IRQHandler
                0x080017dc                DMA1_Stream4_IRQHandler
                0x080017dc                I2C1_ER_IRQHandler
                0x080017dc                FMC_IRQHandler
                0x080017dc                DMA2_Stream6_IRQHandler
                0x080017dc                SAI1_IRQHandler
                0x080017dc                DMA1_Stream3_IRQHandler
 *fill*         0x080017de        0x2 
 .text.UART_lib_config
                0x080017e0      0x14c C:\work\workspace_stm\lib_uart\Debug\liblib_uart.a(lib_uart.o)
                0x080017e0                UART_lib_config
 .text.UART_lib_sendData
                0x0800192c       0x50 C:\work\workspace_stm\lib_uart\Debug\liblib_uart.a(lib_uart.o)
                0x0800192c                UART_lib_sendData
 .text.USART2_NVIC_Config
                0x0800197c       0x6c C:\work\workspace_stm\lib_uart\Debug\liblib_uart.a(lib_uart.o)
 .text.NVIC_PriorityGroupConfig
                0x080019e8       0x28 C:\work\workspace_stm\nucleo-f446re_stdperiph_lib\Debug\libnucleo-f446re_stdperiph_lib.a(misc.o)
                0x080019e8                NVIC_PriorityGroupConfig
 .text.NVIC_Init
                0x08001a10       0xc4 C:\work\workspace_stm\nucleo-f446re_stdperiph_lib\Debug\libnucleo-f446re_stdperiph_lib.a(misc.o)
                0x08001a10                NVIC_Init
 .text.ADC_Init
                0x08001ad4       0xac C:\work\workspace_stm\nucleo-f446re_stdperiph_lib\Debug\libnucleo-f446re_stdperiph_lib.a(stm32f4xx_adc.o)
                0x08001ad4                ADC_Init
 .text.ADC_StructInit
                0x08001b80       0x3e C:\work\workspace_stm\nucleo-f446re_stdperiph_lib\Debug\libnucleo-f446re_stdperiph_lib.a(stm32f4xx_adc.o)
                0x08001b80                ADC_StructInit
 *fill*         0x08001bbe        0x2 
 .text.ADC_CommonInit
                0x08001bc0       0x50 C:\work\workspace_stm\nucleo-f446re_stdperiph_lib\Debug\libnucleo-f446re_stdperiph_lib.a(stm32f4xx_adc.o)
                0x08001bc0                ADC_CommonInit
 .text.ADC_CommonStructInit
                0x08001c10       0x2c C:\work\workspace_stm\nucleo-f446re_stdperiph_lib\Debug\libnucleo-f446re_stdperiph_lib.a(stm32f4xx_adc.o)
                0x08001c10                ADC_CommonStructInit
 .text.ADC_Cmd  0x08001c3c       0x38 C:\work\workspace_stm\nucleo-f446re_stdperiph_lib\Debug\libnucleo-f446re_stdperiph_lib.a(stm32f4xx_adc.o)
                0x08001c3c                ADC_Cmd
 .text.ADC_RegularChannelConfig
                0x08001c74      0x194 C:\work\workspace_stm\nucleo-f446re_stdperiph_lib\Debug\libnucleo-f446re_stdperiph_lib.a(stm32f4xx_adc.o)
                0x08001c74                ADC_RegularChannelConfig
 .text.ADC_SoftwareStartConv
                0x08001e08       0x20 C:\work\workspace_stm\nucleo-f446re_stdperiph_lib\Debug\libnucleo-f446re_stdperiph_lib.a(stm32f4xx_adc.o)
                0x08001e08                ADC_SoftwareStartConv
 .text.ADC_DMACmd
                0x08001e28       0x38 C:\work\workspace_stm\nucleo-f446re_stdperiph_lib\Debug\libnucleo-f446re_stdperiph_lib.a(stm32f4xx_adc.o)
                0x08001e28                ADC_DMACmd
 .text.ADC_DMARequestAfterLastTransferCmd
                0x08001e60       0x38 C:\work\workspace_stm\nucleo-f446re_stdperiph_lib\Debug\libnucleo-f446re_stdperiph_lib.a(stm32f4xx_adc.o)
                0x08001e60                ADC_DMARequestAfterLastTransferCmd
 .text.DMA_Init
                0x08001e98       0xb0 C:\work\workspace_stm\nucleo-f446re_stdperiph_lib\Debug\libnucleo-f446re_stdperiph_lib.a(stm32f4xx_dma.o)
                0x08001e98                DMA_Init
 .text.DMA_Cmd  0x08001f48       0x38 C:\work\workspace_stm\nucleo-f446re_stdperiph_lib\Debug\libnucleo-f446re_stdperiph_lib.a(stm32f4xx_dma.o)
                0x08001f48                DMA_Cmd
 .text.DMA_ITConfig
                0x08001f80       0x74 C:\work\workspace_stm\nucleo-f446re_stdperiph_lib\Debug\libnucleo-f446re_stdperiph_lib.a(stm32f4xx_dma.o)
                0x08001f80                DMA_ITConfig
 .text.DMA_GetITStatus
                0x08001ff4       0xb0 C:\work\workspace_stm\nucleo-f446re_stdperiph_lib\Debug\libnucleo-f446re_stdperiph_lib.a(stm32f4xx_dma.o)
                0x08001ff4                DMA_GetITStatus
 .text.DMA_ClearITPendingBit
                0x080020a4       0x5c C:\work\workspace_stm\nucleo-f446re_stdperiph_lib\Debug\libnucleo-f446re_stdperiph_lib.a(stm32f4xx_dma.o)
                0x080020a4                DMA_ClearITPendingBit
 .text.GPIO_Init
                0x08002100      0x11c C:\work\workspace_stm\nucleo-f446re_stdperiph_lib\Debug\libnucleo-f446re_stdperiph_lib.a(stm32f4xx_gpio.o)
                0x08002100                GPIO_Init
 .text.GPIO_StructInit
                0x0800221c       0x34 C:\work\workspace_stm\nucleo-f446re_stdperiph_lib\Debug\libnucleo-f446re_stdperiph_lib.a(stm32f4xx_gpio.o)
                0x0800221c                GPIO_StructInit
 .text.GPIO_PinAFConfig
                0x08002250       0x92 C:\work\workspace_stm\nucleo-f446re_stdperiph_lib\Debug\libnucleo-f446re_stdperiph_lib.a(stm32f4xx_gpio.o)
                0x08002250                GPIO_PinAFConfig
 *fill*         0x080022e2        0x2 
 .text.RCC_GetClocksFreq
                0x080022e4      0x1f4 C:\work\workspace_stm\nucleo-f446re_stdperiph_lib\Debug\libnucleo-f446re_stdperiph_lib.a(stm32f4xx_rcc.o)
                0x080022e4                RCC_GetClocksFreq
 .text.RCC_AHB1PeriphClockCmd
                0x080024d8       0x40 C:\work\workspace_stm\nucleo-f446re_stdperiph_lib\Debug\libnucleo-f446re_stdperiph_lib.a(stm32f4xx_rcc.o)
                0x080024d8                RCC_AHB1PeriphClockCmd
 .text.RCC_APB1PeriphClockCmd
                0x08002518       0x40 C:\work\workspace_stm\nucleo-f446re_stdperiph_lib\Debug\libnucleo-f446re_stdperiph_lib.a(stm32f4xx_rcc.o)
                0x08002518                RCC_APB1PeriphClockCmd
 .text.RCC_APB2PeriphClockCmd
                0x08002558       0x40 C:\work\workspace_stm\nucleo-f446re_stdperiph_lib\Debug\libnucleo-f446re_stdperiph_lib.a(stm32f4xx_rcc.o)
                0x08002558                RCC_APB2PeriphClockCmd
 .text.TIM_TimeBaseInit
                0x08002598       0xd8 C:\work\workspace_stm\nucleo-f446re_stdperiph_lib\Debug\libnucleo-f446re_stdperiph_lib.a(stm32f4xx_tim.o)
                0x08002598                TIM_TimeBaseInit
 .text.TIM_TimeBaseStructInit
                0x08002670       0x34 C:\work\workspace_stm\nucleo-f446re_stdperiph_lib\Debug\libnucleo-f446re_stdperiph_lib.a(stm32f4xx_tim.o)
                0x08002670                TIM_TimeBaseStructInit
 .text.TIM_Cmd  0x080026a4       0x40 C:\work\workspace_stm\nucleo-f446re_stdperiph_lib\Debug\libnucleo-f446re_stdperiph_lib.a(stm32f4xx_tim.o)
                0x080026a4                TIM_Cmd
 .text.TIM_SelectOutputTrigger
                0x080026e4       0x38 C:\work\workspace_stm\nucleo-f446re_stdperiph_lib\Debug\libnucleo-f446re_stdperiph_lib.a(stm32f4xx_tim.o)
                0x080026e4                TIM_SelectOutputTrigger
 .text.USART_Init
                0x0800271c      0x174 C:\work\workspace_stm\nucleo-f446re_stdperiph_lib\Debug\libnucleo-f446re_stdperiph_lib.a(stm32f4xx_usart.o)
                0x0800271c                USART_Init
 .text.USART_StructInit
                0x08002890       0x3a C:\work\workspace_stm\nucleo-f446re_stdperiph_lib\Debug\libnucleo-f446re_stdperiph_lib.a(stm32f4xx_usart.o)
                0x08002890                USART_StructInit
 .text.USART_Cmd
                0x080028ca       0x40 C:\work\workspace_stm\nucleo-f446re_stdperiph_lib\Debug\libnucleo-f446re_stdperiph_lib.a(stm32f4xx_usart.o)
                0x080028ca                USART_Cmd
 .text.USART_SendData
                0x0800290a       0x24 C:\work\workspace_stm\nucleo-f446re_stdperiph_lib\Debug\libnucleo-f446re_stdperiph_lib.a(stm32f4xx_usart.o)
                0x0800290a                USART_SendData
 .text.USART_DMACmd
                0x0800292e       0x48 C:\work\workspace_stm\nucleo-f446re_stdperiph_lib\Debug\libnucleo-f446re_stdperiph_lib.a(stm32f4xx_usart.o)
                0x0800292e                USART_DMACmd
 .text.USART_ITConfig
                0x08002976       0x90 C:\work\workspace_stm\nucleo-f446re_stdperiph_lib\Debug\libnucleo-f446re_stdperiph_lib.a(stm32f4xx_usart.o)
                0x08002976                USART_ITConfig
 .text.USART_GetFlagStatus
                0x08002a06       0x38 C:\work\workspace_stm\nucleo-f446re_stdperiph_lib\Debug\libnucleo-f446re_stdperiph_lib.a(stm32f4xx_usart.o)
                0x08002a06                USART_GetFlagStatus
 *fill*         0x08002a3e        0x2 
 .text.__errno  0x08002a40        0xc c:/ac6/systemworkbench/plugins/fr.ac6.mcu.externaltools.arm-none.win32_1.17.0.201812190825/tools/compiler/bin/../lib/gcc/arm-none-eabi/7.3.1/../../../../arm-none-eabi/lib/thumb/v7e-m/fpv4-sp/hard\libc.a(lib_a-errno.o)
                0x08002a40                __errno
 .text.__libc_init_array
                0x08002a4c       0x48 c:/ac6/systemworkbench/plugins/fr.ac6.mcu.externaltools.arm-none.win32_1.17.0.201812190825/tools/compiler/bin/../lib/gcc/arm-none-eabi/7.3.1/../../../../arm-none-eabi/lib/thumb/v7e-m/fpv4-sp/hard\libc.a(lib_a-init.o)
                0x08002a4c                __libc_init_array
 .text.memset   0x08002a94       0x94 c:/ac6/systemworkbench/plugins/fr.ac6.mcu.externaltools.arm-none.win32_1.17.0.201812190825/tools/compiler/bin/../lib/gcc/arm-none-eabi/7.3.1/../../../../arm-none-eabi/lib/thumb/v7e-m/fpv4-sp/hard\libc.a(lib_a-memset.o)
                0x08002a94                memset
 .text.snprintf
                0x08002b28       0x90 c:/ac6/systemworkbench/plugins/fr.ac6.mcu.externaltools.arm-none.win32_1.17.0.201812190825/tools/compiler/bin/../lib/gcc/arm-none-eabi/7.3.1/../../../../arm-none-eabi/lib/thumb/v7e-m/fpv4-sp/hard\libc.a(lib_a-snprintf.o)
                0x08002b28                snprintf
 .text._svfprintf_r
                0x08002bb8     0x19cc c:/ac6/systemworkbench/plugins/fr.ac6.mcu.externaltools.arm-none.win32_1.17.0.201812190825/tools/compiler/bin/../lib/gcc/arm-none-eabi/7.3.1/../../../../arm-none-eabi/lib/thumb/v7e-m/fpv4-sp/hard\libc.a(lib_a-svfprintf.o)
                0x08002bb8                _svfprintf_r
 .text.startup.register_fini
                0x08004584       0x14 c:/ac6/systemworkbench/plugins/fr.ac6.mcu.externaltools.arm-none.win32_1.17.0.201812190825/tools/compiler/bin/../lib/gcc/arm-none-eabi/7.3.1/../../../../arm-none-eabi/lib/thumb/v7e-m/fpv4-sp/hard\libc.a(lib_a-__call_atexit.o)
 .text.atexit   0x08004598        0xc c:/ac6/systemworkbench/plugins/fr.ac6.mcu.externaltools.arm-none.win32_1.17.0.201812190825/tools/compiler/bin/../lib/gcc/arm-none-eabi/7.3.1/../../../../arm-none-eabi/lib/thumb/v7e-m/fpv4-sp/hard\libc.a(lib_a-atexit.o)
                0x08004598                atexit
 .text.quorem   0x080045a4      0x124 c:/ac6/systemworkbench/plugins/fr.ac6.mcu.externaltools.arm-none.win32_1.17.0.201812190825/tools/compiler/bin/../lib/gcc/arm-none-eabi/7.3.1/../../../../arm-none-eabi/lib/thumb/v7e-m/fpv4-sp/hard\libc.a(lib_a-dtoa.o)
 .text._dtoa_r  0x080046c8      0xe20 c:/ac6/systemworkbench/plugins/fr.ac6.mcu.externaltools.arm-none.win32_1.17.0.201812190825/tools/compiler/bin/../lib/gcc/arm-none-eabi/7.3.1/../../../../arm-none-eabi/lib/thumb/v7e-m/fpv4-sp/hard\libc.a(lib_a-dtoa.o)
                0x080046c8                _dtoa_r
 .text.__libc_fini_array
                0x080054e8       0x34 c:/ac6/systemworkbench/plugins/fr.ac6.mcu.externaltools.arm-none.win32_1.17.0.201812190825/tools/compiler/bin/../lib/gcc/arm-none-eabi/7.3.1/../../../../arm-none-eabi/lib/thumb/v7e-m/fpv4-sp/hard\libc.a(lib_a-fini.o)
                0x080054e8                __libc_fini_array
 .text._malloc_trim_r
                0x0800551c       0xa0 c:/ac6/systemworkbench/plugins/fr.ac6.mcu.externaltools.arm-none.win32_1.17.0.201812190825/tools/compiler/bin/../lib/gcc/arm-none-eabi/7.3.1/../../../../arm-none-eabi/lib/thumb/v7e-m/fpv4-sp/hard\libc.a(lib_a-freer.o)
                0x0800551c                _malloc_trim_r
 .text._free_r  0x080055bc      0x1e8 c:/ac6/systemworkbench/plugins/fr.ac6.mcu.externaltools.arm-none.win32_1.17.0.201812190825/tools/compiler/bin/../lib/gcc/arm-none-eabi/7.3.1/../../../../arm-none-eabi/lib/thumb/v7e-m/fpv4-sp/hard\libc.a(lib_a-freer.o)
                0x080055bc                _free_r
 .text._localeconv_r
                0x080057a4       0x1c c:/ac6/systemworkbench/plugins/fr.ac6.mcu.externaltools.arm-none.win32_1.17.0.201812190825/tools/compiler/bin/../lib/gcc/arm-none-eabi/7.3.1/../../../../arm-none-eabi/lib/thumb/v7e-m/fpv4-sp/hard\libc.a(lib_a-localeconv.o)
                0x080057a4                _localeconv_r
 .text.__retarget_lock_acquire_recursive
                0x080057c0        0x4 c:/ac6/systemworkbench/plugins/fr.ac6.mcu.externaltools.arm-none.win32_1.17.0.201812190825/tools/compiler/bin/../lib/gcc/arm-none-eabi/7.3.1/../../../../arm-none-eabi/lib/thumb/v7e-m/fpv4-sp/hard\libc.a(lib_a-lock.o)
                0x080057c0                __retarget_lock_acquire_recursive
 .text.__retarget_lock_release_recursive
                0x080057c4        0x4 c:/ac6/systemworkbench/plugins/fr.ac6.mcu.externaltools.arm-none.win32_1.17.0.201812190825/tools/compiler/bin/../lib/gcc/arm-none-eabi/7.3.1/../../../../arm-none-eabi/lib/thumb/v7e-m/fpv4-sp/hard\libc.a(lib_a-lock.o)
                0x080057c4                __retarget_lock_release_recursive
 .text._malloc_r
                0x080057c8      0x548 c:/ac6/systemworkbench/plugins/fr.ac6.mcu.externaltools.arm-none.win32_1.17.0.201812190825/tools/compiler/bin/../lib/gcc/arm-none-eabi/7.3.1/../../../../arm-none-eabi/lib/thumb/v7e-m/fpv4-sp/hard\libc.a(lib_a-mallocr.o)
                0x080057c8                _malloc_r
 .text.__malloc_lock
                0x08005d10        0xc c:/ac6/systemworkbench/plugins/fr.ac6.mcu.externaltools.arm-none.win32_1.17.0.201812190825/tools/compiler/bin/../lib/gcc/arm-none-eabi/7.3.1/../../../../arm-none-eabi/lib/thumb/v7e-m/fpv4-sp/hard\libc.a(lib_a-mlock.o)
                0x08005d10                __malloc_lock
 .text.__malloc_unlock
                0x08005d1c        0xc c:/ac6/systemworkbench/plugins/fr.ac6.mcu.externaltools.arm-none.win32_1.17.0.201812190825/tools/compiler/bin/../lib/gcc/arm-none-eabi/7.3.1/../../../../arm-none-eabi/lib/thumb/v7e-m/fpv4-sp/hard\libc.a(lib_a-mlock.o)
                0x08005d1c                __malloc_unlock
 .text._Balloc  0x08005d28       0x4c c:/ac6/systemworkbench/plugins/fr.ac6.mcu.externaltools.arm-none.win32_1.17.0.201812190825/tools/compiler/bin/../lib/gcc/arm-none-eabi/7.3.1/../../../../arm-none-eabi/lib/thumb/v7e-m/fpv4-sp/hard\libc.a(lib_a-mprec.o)
                0x08005d28                _Balloc
 .text._Bfree   0x08005d74       0x14 c:/ac6/systemworkbench/plugins/fr.ac6.mcu.externaltools.arm-none.win32_1.17.0.201812190825/tools/compiler/bin/../lib/gcc/arm-none-eabi/7.3.1/../../../../arm-none-eabi/lib/thumb/v7e-m/fpv4-sp/hard\libc.a(lib_a-mprec.o)
                0x08005d74                _Bfree
 .text.__multadd
                0x08005d88       0x80 c:/ac6/systemworkbench/plugins/fr.ac6.mcu.externaltools.arm-none.win32_1.17.0.201812190825/tools/compiler/bin/../lib/gcc/arm-none-eabi/7.3.1/../../../../arm-none-eabi/lib/thumb/v7e-m/fpv4-sp/hard\libc.a(lib_a-mprec.o)
                0x08005d88                __multadd
 .text.__hi0bits
                0x08005e08       0x40 c:/ac6/systemworkbench/plugins/fr.ac6.mcu.externaltools.arm-none.win32_1.17.0.201812190825/tools/compiler/bin/../lib/gcc/arm-none-eabi/7.3.1/../../../../arm-none-eabi/lib/thumb/v7e-m/fpv4-sp/hard\libc.a(lib_a-mprec.o)
                0x08005e08                __hi0bits
 .text.__lo0bits
                0x08005e48       0x60 c:/ac6/systemworkbench/plugins/fr.ac6.mcu.externaltools.arm-none.win32_1.17.0.201812190825/tools/compiler/bin/../lib/gcc/arm-none-eabi/7.3.1/../../../../arm-none-eabi/lib/thumb/v7e-m/fpv4-sp/hard\libc.a(lib_a-mprec.o)
                0x08005e48                __lo0bits
 .text.__i2b    0x08005ea8       0x14 c:/ac6/systemworkbench/plugins/fr.ac6.mcu.externaltools.arm-none.win32_1.17.0.201812190825/tools/compiler/bin/../lib/gcc/arm-none-eabi/7.3.1/../../../../arm-none-eabi/lib/thumb/v7e-m/fpv4-sp/hard\libc.a(lib_a-mprec.o)
                0x08005ea8                __i2b
 .text.__multiply
                0x08005ebc      0x14c c:/ac6/systemworkbench/plugins/fr.ac6.mcu.externaltools.arm-none.win32_1.17.0.201812190825/tools/compiler/bin/../lib/gcc/arm-none-eabi/7.3.1/../../../../arm-none-eabi/lib/thumb/v7e-m/fpv4-sp/hard\libc.a(lib_a-mprec.o)
                0x08005ebc                __multiply
 .text.__pow5mult
                0x08006008       0xa0 c:/ac6/systemworkbench/plugins/fr.ac6.mcu.externaltools.arm-none.win32_1.17.0.201812190825/tools/compiler/bin/../lib/gcc/arm-none-eabi/7.3.1/../../../../arm-none-eabi/lib/thumb/v7e-m/fpv4-sp/hard\libc.a(lib_a-mprec.o)
                0x08006008                __pow5mult
 .text.__lshift
                0x080060a8       0xac c:/ac6/systemworkbench/plugins/fr.ac6.mcu.externaltools.arm-none.win32_1.17.0.201812190825/tools/compiler/bin/../lib/gcc/arm-none-eabi/7.3.1/../../../../arm-none-eabi/lib/thumb/v7e-m/fpv4-sp/hard\libc.a(lib_a-mprec.o)
                0x080060a8                __lshift
 .text.__mcmp   0x08006154       0x38 c:/ac6/systemworkbench/plugins/fr.ac6.mcu.externaltools.arm-none.win32_1.17.0.201812190825/tools/compiler/bin/../lib/gcc/arm-none-eabi/7.3.1/../../../../arm-none-eabi/lib/thumb/v7e-m/fpv4-sp/hard\libc.a(lib_a-mprec.o)
                0x08006154                __mcmp
 .text.__mdiff  0x0800618c       0xec c:/ac6/systemworkbench/plugins/fr.ac6.mcu.externaltools.arm-none.win32_1.17.0.201812190825/tools/compiler/bin/../lib/gcc/arm-none-eabi/7.3.1/../../../../arm-none-eabi/lib/thumb/v7e-m/fpv4-sp/hard\libc.a(lib_a-mprec.o)
                0x0800618c                __mdiff
 .text.__d2b    0x08006278       0xc4 c:/ac6/systemworkbench/plugins/fr.ac6.mcu.externaltools.arm-none.win32_1.17.0.201812190825/tools/compiler/bin/../lib/gcc/arm-none-eabi/7.3.1/../../../../arm-none-eabi/lib/thumb/v7e-m/fpv4-sp/hard\libc.a(lib_a-mprec.o)
                0x08006278                __d2b
 .text.frexp    0x0800633c       0x68 c:/ac6/systemworkbench/plugins/fr.ac6.mcu.externaltools.arm-none.win32_1.17.0.201812190825/tools/compiler/bin/../lib/gcc/arm-none-eabi/7.3.1/../../../../arm-none-eabi/lib/thumb/v7e-m/fpv4-sp/hard\libc.a(lib_a-s_frexp.o)
                0x0800633c                frexp
 .text._sbrk_r  0x080063a4       0x24 c:/ac6/systemworkbench/plugins/fr.ac6.mcu.externaltools.arm-none.win32_1.17.0.201812190825/tools/compiler/bin/../lib/gcc/arm-none-eabi/7.3.1/../../../../arm-none-eabi/lib/thumb/v7e-m/fpv4-sp/hard\libc.a(lib_a-sbrkr.o)
                0x080063a4                _sbrk_r
 .text.strncpy  0x080063c8       0x64 c:/ac6/systemworkbench/plugins/fr.ac6.mcu.externaltools.arm-none.win32_1.17.0.201812190825/tools/compiler/bin/../lib/gcc/arm-none-eabi/7.3.1/../../../../arm-none-eabi/lib/thumb/v7e-m/fpv4-sp/hard\libc.a(lib_a-strncpy.o)
                0x080063c8                strncpy
 .text.__ssprint_r
                0x0800642c       0xf4 c:/ac6/systemworkbench/plugins/fr.ac6.mcu.externaltools.arm-none.win32_1.17.0.201812190825/tools/compiler/bin/../lib/gcc/arm-none-eabi/7.3.1/../../../../arm-none-eabi/lib/thumb/v7e-m/fpv4-sp/hard\libc.a(lib_a-svfiprintf.o)
                0x0800642c                __ssprint_r
 .text.__register_exitproc
                0x08006520       0xc0 c:/ac6/systemworkbench/plugins/fr.ac6.mcu.externaltools.arm-none.win32_1.17.0.201812190825/tools/compiler/bin/../lib/gcc/arm-none-eabi/7.3.1/../../../../arm-none-eabi/lib/thumb/v7e-m/fpv4-sp/hard\libc.a(lib_a-__atexit.o)
                0x08006520                __register_exitproc
 .text._calloc_r
                0x080065e0       0x68 c:/ac6/systemworkbench/plugins/fr.ac6.mcu.externaltools.arm-none.win32_1.17.0.201812190825/tools/compiler/bin/../lib/gcc/arm-none-eabi/7.3.1/../../../../arm-none-eabi/lib/thumb/v7e-m/fpv4-sp/hard\libc.a(lib_a-callocr.o)
                0x080065e0                _calloc_r
 .text.__ascii_mbtowc
                0x08006648       0x2c c:/ac6/systemworkbench/plugins/fr.ac6.mcu.externaltools.arm-none.win32_1.17.0.201812190825/tools/compiler/bin/../lib/gcc/arm-none-eabi/7.3.1/../../../../arm-none-eabi/lib/thumb/v7e-m/fpv4-sp/hard\libc.a(lib_a-mbtowc_r.o)
                0x08006648                __ascii_mbtowc
 .text.memmove  0x08006674       0xc8 c:/ac6/systemworkbench/plugins/fr.ac6.mcu.externaltools.arm-none.win32_1.17.0.201812190825/tools/compiler/bin/../lib/gcc/arm-none-eabi/7.3.1/../../../../arm-none-eabi/lib/thumb/v7e-m/fpv4-sp/hard\libc.a(lib_a-memmove.o)
                0x08006674                memmove
 .text._realloc_r
                0x0800673c      0x35c c:/ac6/systemworkbench/plugins/fr.ac6.mcu.externaltools.arm-none.win32_1.17.0.201812190825/tools/compiler/bin/../lib/gcc/arm-none-eabi/7.3.1/../../../../arm-none-eabi/lib/thumb/v7e-m/fpv4-sp/hard\libc.a(lib_a-reallocr.o)
                0x0800673c                _realloc_r
 .text.__ascii_wctomb
                0x08006a98       0x1c c:/ac6/systemworkbench/plugins/fr.ac6.mcu.externaltools.arm-none.win32_1.17.0.201812190825/tools/compiler/bin/../lib/gcc/arm-none-eabi/7.3.1/../../../../arm-none-eabi/lib/thumb/v7e-m/fpv4-sp/hard\libc.a(lib_a-wctomb_r.o)
                0x08006a98                __ascii_wctomb
 *(.glue_7)
 .glue_7        0x08006ab4        0x0 linker stubs
 *(.glue_7t)
 .glue_7t       0x08006ab4        0x0 linker stubs
 *(.eh_frame)
 .eh_frame      0x08006ab4        0x0 c:/ac6/systemworkbench/plugins/fr.ac6.mcu.externaltools.arm-none.win32_1.17.0.201812190825/tools/compiler/bin/../lib/gcc/arm-none-eabi/7.3.1/thumb/v7e-m/fpv4-sp/hard/crtbegin.o
 *(.init)
 .init          0x08006ab4        0x4 c:/ac6/systemworkbench/plugins/fr.ac6.mcu.externaltools.arm-none.win32_1.17.0.201812190825/tools/compiler/bin/../lib/gcc/arm-none-eabi/7.3.1/thumb/v7e-m/fpv4-sp/hard/crti.o
                0x08006ab4                _init
 .init          0x08006ab8        0x8 c:/ac6/systemworkbench/plugins/fr.ac6.mcu.externaltools.arm-none.win32_1.17.0.201812190825/tools/compiler/bin/../lib/gcc/arm-none-eabi/7.3.1/thumb/v7e-m/fpv4-sp/hard/crtn.o
 *(.fini)
 .fini          0x08006ac0        0x4 c:/ac6/systemworkbench/plugins/fr.ac6.mcu.externaltools.arm-none.win32_1.17.0.201812190825/tools/compiler/bin/../lib/gcc/arm-none-eabi/7.3.1/thumb/v7e-m/fpv4-sp/hard/crti.o
                0x08006ac0                _fini
 .fini          0x08006ac4        0x8 c:/ac6/systemworkbench/plugins/fr.ac6.mcu.externaltools.arm-none.win32_1.17.0.201812190825/tools/compiler/bin/../lib/gcc/arm-none-eabi/7.3.1/thumb/v7e-m/fpv4-sp/hard/crtn.o
                0x08006acc                . = ALIGN (0x4)
                0x08006acc                _etext = .

.vfp11_veneer   0x08006acc        0x0
 .vfp11_veneer  0x08006acc        0x0 linker stubs

.v4_bx          0x08006acc        0x0
 .v4_bx         0x08006acc        0x0 linker stubs

.iplt           0x08006acc        0x0
 .iplt          0x08006acc        0x0 c:/ac6/systemworkbench/plugins/fr.ac6.mcu.externaltools.arm-none.win32_1.17.0.201812190825/tools/compiler/bin/../lib/gcc/arm-none-eabi/7.3.1/thumb/v7e-m/fpv4-sp/hard/crtbegin.o

.rodata         0x08006ad0      0x298
                0x08006ad0                . = ALIGN (0x4)
 *(.rodata)
 .rodata        0x08006ad0        0xd src/main.o
 *(.rodata*)
 *fill*         0x08006add        0x3 
 .rodata._global_impure_ptr
                0x08006ae0        0x4 c:/ac6/systemworkbench/plugins/fr.ac6.mcu.externaltools.arm-none.win32_1.17.0.201812190825/tools/compiler/bin/../lib/gcc/arm-none-eabi/7.3.1/../../../../arm-none-eabi/lib/thumb/v7e-m/fpv4-sp/hard\libc.a(lib_a-impure.o)
                0x08006ae0                _global_impure_ptr
 .rodata._svfprintf_r.str1.4
                0x08006ae4       0x42 c:/ac6/systemworkbench/plugins/fr.ac6.mcu.externaltools.arm-none.win32_1.17.0.201812190825/tools/compiler/bin/../lib/gcc/arm-none-eabi/7.3.1/../../../../arm-none-eabi/lib/thumb/v7e-m/fpv4-sp/hard\libc.a(lib_a-svfprintf.o)
 *fill*         0x08006b26        0x2 
 .rodata.blanks.8590
                0x08006b28       0x10 c:/ac6/systemworkbench/plugins/fr.ac6.mcu.externaltools.arm-none.win32_1.17.0.201812190825/tools/compiler/bin/../lib/gcc/arm-none-eabi/7.3.1/../../../../arm-none-eabi/lib/thumb/v7e-m/fpv4-sp/hard\libc.a(lib_a-svfprintf.o)
 .rodata.zeroes.8591
                0x08006b38       0x10 c:/ac6/systemworkbench/plugins/fr.ac6.mcu.externaltools.arm-none.win32_1.17.0.201812190825/tools/compiler/bin/../lib/gcc/arm-none-eabi/7.3.1/../../../../arm-none-eabi/lib/thumb/v7e-m/fpv4-sp/hard\libc.a(lib_a-svfprintf.o)
 .rodata._dtoa_r.str1.4
                0x08006b48       0x10 c:/ac6/systemworkbench/plugins/fr.ac6.mcu.externaltools.arm-none.win32_1.17.0.201812190825/tools/compiler/bin/../lib/gcc/arm-none-eabi/7.3.1/../../../../arm-none-eabi/lib/thumb/v7e-m/fpv4-sp/hard\libc.a(lib_a-dtoa.o)
                                 0x12 (size before relaxing)
 .rodata.__mprec_bigtens
                0x08006b58       0x28 c:/ac6/systemworkbench/plugins/fr.ac6.mcu.externaltools.arm-none.win32_1.17.0.201812190825/tools/compiler/bin/../lib/gcc/arm-none-eabi/7.3.1/../../../../arm-none-eabi/lib/thumb/v7e-m/fpv4-sp/hard\libc.a(lib_a-mprec.o)
                0x08006b58                __mprec_bigtens
 .rodata.__mprec_tens
                0x08006b80       0xc8 c:/ac6/systemworkbench/plugins/fr.ac6.mcu.externaltools.arm-none.win32_1.17.0.201812190825/tools/compiler/bin/../lib/gcc/arm-none-eabi/7.3.1/../../../../arm-none-eabi/lib/thumb/v7e-m/fpv4-sp/hard\libc.a(lib_a-mprec.o)
                0x08006b80                __mprec_tens
 .rodata.p05.7367
                0x08006c48        0xc c:/ac6/systemworkbench/plugins/fr.ac6.mcu.externaltools.arm-none.win32_1.17.0.201812190825/tools/compiler/bin/../lib/gcc/arm-none-eabi/7.3.1/../../../../arm-none-eabi/lib/thumb/v7e-m/fpv4-sp/hard\libc.a(lib_a-mprec.o)
 .rodata._setlocale_r.str1.4
                0x08006c54        0xa c:/ac6/systemworkbench/plugins/fr.ac6.mcu.externaltools.arm-none.win32_1.17.0.201812190825/tools/compiler/bin/../lib/gcc/arm-none-eabi/7.3.1/../../../../arm-none-eabi/lib/thumb/v7e-m/fpv4-sp/hard\libc.a(lib_a-locale.o)
                                  0xd (size before relaxing)
 *fill*         0x08006c5e        0x2 
 .rodata.str1.4
                0x08006c60        0x4 c:/ac6/systemworkbench/plugins/fr.ac6.mcu.externaltools.arm-none.win32_1.17.0.201812190825/tools/compiler/bin/../lib/gcc/arm-none-eabi/7.3.1/../../../../arm-none-eabi/lib/thumb/v7e-m/fpv4-sp/hard\libc.a(lib_a-locale.o)
                                  0x2 (size before relaxing)
 .rodata._ctype_
                0x08006c64      0x101 c:/ac6/systemworkbench/plugins/fr.ac6.mcu.externaltools.arm-none.win32_1.17.0.201812190825/tools/compiler/bin/../lib/gcc/arm-none-eabi/7.3.1/../../../../arm-none-eabi/lib/thumb/v7e-m/fpv4-sp/hard\libc.a(lib_a-ctype_.o)
                0x08006c64                _ctype_
                0x08006d68                . = ALIGN (0x4)
 *fill*         0x08006d65        0x3 

.ARM.extab      0x08006d68        0x0
                0x08006d68                . = ALIGN (0x4)
 *(.ARM.extab* .gnu.linkonce.armextab.*)
                0x08006d68                . = ALIGN (0x4)

.ARM            0x08006d68        0x8
                0x08006d68                . = ALIGN (0x4)
                0x08006d68                __exidx_start = .
 *(.ARM.exidx*)
 .ARM.exidx     0x08006d68        0x8 c:/ac6/systemworkbench/plugins/fr.ac6.mcu.externaltools.arm-none.win32_1.17.0.201812190825/tools/compiler/bin/../lib/gcc/arm-none-eabi/7.3.1/thumb/v7e-m/fpv4-sp/hard\libgcc.a(_udivmoddi4.o)
                0x08006d70                __exidx_end = .
                0x08006d70                . = ALIGN (0x4)

.rel.dyn        0x08006d70        0x0
 .rel.iplt      0x08006d70        0x0 c:/ac6/systemworkbench/plugins/fr.ac6.mcu.externaltools.arm-none.win32_1.17.0.201812190825/tools/compiler/bin/../lib/gcc/arm-none-eabi/7.3.1/thumb/v7e-m/fpv4-sp/hard/crtbegin.o

.preinit_array  0x08006d70        0x0
                0x08006d70                . = ALIGN (0x4)
                0x08006d70                PROVIDE (__preinit_array_start = .)
 *(.preinit_array*)
                0x08006d70                PROVIDE (__preinit_array_end = .)
                0x08006d70                . = ALIGN (0x4)

.init_array     0x08006d70        0x8
                0x08006d70                . = ALIGN (0x4)
                0x08006d70                PROVIDE (__init_array_start = .)
 *(SORT_BY_NAME(.init_array.*))
 .init_array.00000
                0x08006d70        0x4 c:/ac6/systemworkbench/plugins/fr.ac6.mcu.externaltools.arm-none.win32_1.17.0.201812190825/tools/compiler/bin/../lib/gcc/arm-none-eabi/7.3.1/../../../../arm-none-eabi/lib/thumb/v7e-m/fpv4-sp/hard\libc.a(lib_a-__call_atexit.o)
 *(.init_array*)
 .init_array    0x08006d74        0x4 c:/ac6/systemworkbench/plugins/fr.ac6.mcu.externaltools.arm-none.win32_1.17.0.201812190825/tools/compiler/bin/../lib/gcc/arm-none-eabi/7.3.1/thumb/v7e-m/fpv4-sp/hard/crtbegin.o
                0x08006d78                PROVIDE (__init_array_end = .)
                0x08006d78                . = ALIGN (0x4)

.fini_array     0x08006d78        0x4
                0x08006d78                . = ALIGN (0x4)
                0x08006d78                PROVIDE (__fini_array_start = .)
 *(SORT_BY_NAME(.fini_array.*))
 *(.fini_array*)
 .fini_array    0x08006d78        0x4 c:/ac6/systemworkbench/plugins/fr.ac6.mcu.externaltools.arm-none.win32_1.17.0.201812190825/tools/compiler/bin/../lib/gcc/arm-none-eabi/7.3.1/thumb/v7e-m/fpv4-sp/hard/crtbegin.o
                0x08006d7c                PROVIDE (__fini_array_end = .)
                0x08006d7c                . = ALIGN (0x4)
                0x08006d7c                _sidata = LOADADDR (.data)

.data           0x20000000      0x9c0 load address 0x08006d7c
                0x20000000                . = ALIGN (0x4)
                0x20000000                _sdata = .
 *(.data)
 .data          0x20000000       0x10 C:\work\workspace_stm\nucleo-f446re_stdperiph_lib\Debug\libnucleo-f446re_stdperiph_lib.a(stm32f4xx_rcc.o)
 *(.data*)
 .data._impure_ptr
                0x20000010        0x4 c:/ac6/systemworkbench/plugins/fr.ac6.mcu.externaltools.arm-none.win32_1.17.0.201812190825/tools/compiler/bin/../lib/gcc/arm-none-eabi/7.3.1/../../../../arm-none-eabi/lib/thumb/v7e-m/fpv4-sp/hard\libc.a(lib_a-impure.o)
                0x20000010                _impure_ptr
 *fill*         0x20000014        0x4 
 .data.impure_data
                0x20000018      0x428 c:/ac6/systemworkbench/plugins/fr.ac6.mcu.externaltools.arm-none.win32_1.17.0.201812190825/tools/compiler/bin/../lib/gcc/arm-none-eabi/7.3.1/../../../../arm-none-eabi/lib/thumb/v7e-m/fpv4-sp/hard\libc.a(lib_a-impure.o)
 .data.__atexit_recursive_mutex
                0x20000440        0x4 c:/ac6/systemworkbench/plugins/fr.ac6.mcu.externaltools.arm-none.win32_1.17.0.201812190825/tools/compiler/bin/../lib/gcc/arm-none-eabi/7.3.1/../../../../arm-none-eabi/lib/thumb/v7e-m/fpv4-sp/hard\libc.a(lib_a-__call_atexit.o)
                0x20000440                __atexit_recursive_mutex
 .data.__malloc_av_
                0x20000444      0x408 c:/ac6/systemworkbench/plugins/fr.ac6.mcu.externaltools.arm-none.win32_1.17.0.201812190825/tools/compiler/bin/../lib/gcc/arm-none-eabi/7.3.1/../../../../arm-none-eabi/lib/thumb/v7e-m/fpv4-sp/hard\libc.a(lib_a-mallocr.o)
                0x20000444                __malloc_av_
 .data.__malloc_sbrk_base
                0x2000084c        0x4 c:/ac6/systemworkbench/plugins/fr.ac6.mcu.externaltools.arm-none.win32_1.17.0.201812190825/tools/compiler/bin/../lib/gcc/arm-none-eabi/7.3.1/../../../../arm-none-eabi/lib/thumb/v7e-m/fpv4-sp/hard\libc.a(lib_a-mallocr.o)
                0x2000084c                __malloc_sbrk_base
 .data.__malloc_trim_threshold
                0x20000850        0x4 c:/ac6/systemworkbench/plugins/fr.ac6.mcu.externaltools.arm-none.win32_1.17.0.201812190825/tools/compiler/bin/../lib/gcc/arm-none-eabi/7.3.1/../../../../arm-none-eabi/lib/thumb/v7e-m/fpv4-sp/hard\libc.a(lib_a-mallocr.o)
                0x20000850                __malloc_trim_threshold
 .data.__global_locale
                0x20000854      0x16c c:/ac6/systemworkbench/plugins/fr.ac6.mcu.externaltools.arm-none.win32_1.17.0.201812190825/tools/compiler/bin/../lib/gcc/arm-none-eabi/7.3.1/../../../../arm-none-eabi/lib/thumb/v7e-m/fpv4-sp/hard\libc.a(lib_a-locale.o)
                0x20000854                __global_locale
                0x200009c0                . = ALIGN (0x4)
                0x200009c0                _edata = .

.igot.plt       0x200009c0        0x0 load address 0x0800773c
 .igot.plt      0x200009c0        0x0 c:/ac6/systemworkbench/plugins/fr.ac6.mcu.externaltools.arm-none.win32_1.17.0.201812190825/tools/compiler/bin/../lib/gcc/arm-none-eabi/7.3.1/thumb/v7e-m/fpv4-sp/hard/crtbegin.o
                0x200009c0                . = ALIGN (0x4)

.bss            0x200009c0      0x1f0 load address 0x0800773c
                0x200009c0                _sbss = .
                0x200009c0                __bss_start__ = _sbss
 *(.bss)
 .bss           0x200009c0       0x1c c:/ac6/systemworkbench/plugins/fr.ac6.mcu.externaltools.arm-none.win32_1.17.0.201812190825/tools/compiler/bin/../lib/gcc/arm-none-eabi/7.3.1/thumb/v7e-m/fpv4-sp/hard/crtbegin.o
 .bss           0x200009dc        0x8 src/syscalls.o
                0x200009dc                __env
 .bss           0x200009e4        0x5 C:\work\workspace_stm\lib_uart\Debug\liblib_uart.a(lib_uart.o)
 *(.bss*)
 *fill*         0x200009e9        0x3 
 .bss.__malloc_current_mallinfo
                0x200009ec       0x28 c:/ac6/systemworkbench/plugins/fr.ac6.mcu.externaltools.arm-none.win32_1.17.0.201812190825/tools/compiler/bin/../lib/gcc/arm-none-eabi/7.3.1/../../../../arm-none-eabi/lib/thumb/v7e-m/fpv4-sp/hard\libc.a(lib_a-mallocr.o)
                0x200009ec                __malloc_current_mallinfo
 .bss.__malloc_max_sbrked_mem
                0x20000a14        0x4 c:/ac6/systemworkbench/plugins/fr.ac6.mcu.externaltools.arm-none.win32_1.17.0.201812190825/tools/compiler/bin/../lib/gcc/arm-none-eabi/7.3.1/../../../../arm-none-eabi/lib/thumb/v7e-m/fpv4-sp/hard\libc.a(lib_a-mallocr.o)
                0x20000a14                __malloc_max_sbrked_mem
 .bss.__malloc_max_total_mem
                0x20000a18        0x4 c:/ac6/systemworkbench/plugins/fr.ac6.mcu.externaltools.arm-none.win32_1.17.0.201812190825/tools/compiler/bin/../lib/gcc/arm-none-eabi/7.3.1/../../../../arm-none-eabi/lib/thumb/v7e-m/fpv4-sp/hard\libc.a(lib_a-mallocr.o)
                0x20000a18                __malloc_max_total_mem
 .bss.__malloc_top_pad
                0x20000a1c        0x4 c:/ac6/systemworkbench/plugins/fr.ac6.mcu.externaltools.arm-none.win32_1.17.0.201812190825/tools/compiler/bin/../lib/gcc/arm-none-eabi/7.3.1/../../../../arm-none-eabi/lib/thumb/v7e-m/fpv4-sp/hard\libc.a(lib_a-mallocr.o)
                0x20000a1c                __malloc_top_pad
 *(COMMON)
 COMMON         0x20000a20        0xc src/adc.o
                0x20000a20                gDMA_ADC_FT_event
                0x20000a24                _adc_buffer
                0x20000a28                gDMA_ADC_HT_event
                0x20000a2a                _adc_read
 COMMON         0x20000a2c       0x55 src/dac.o
                0x20000a2c                _dac_buffer_ch2
                0x20000a54                gDMA_DAC1_HT_event
                0x20000a55                gDMA_DAC2_HT_event
                0x20000a56                gDMA_DAC1_FT_event
                0x20000a58                _dac_buffer_ch1
                0x20000a80                gDMA_DAC2_FT_event
 *fill*         0x20000a81        0x3 
 COMMON         0x20000a84      0x103 src/main.o
                0x20000a84                usart_serialReceived
                0x20000a86                usart_nrOfByte
                0x20000a88                usart_rxBuffer
 *fill*         0x20000b87        0x1 
 COMMON         0x20000b88       0x21 c:/ac6/systemworkbench/plugins/fr.ac6.mcu.externaltools.arm-none.win32_1.17.0.201812190825/tools/compiler/bin/../lib/gcc/arm-none-eabi/7.3.1/../../../../arm-none-eabi/lib/thumb/v7e-m/fpv4-sp/hard\libc.a(lib_a-lock.o)
                0x20000b88                __lock___atexit_recursive_mutex
                0x20000b8c                __lock___arc4random_mutex
                0x20000b90                __lock___env_recursive_mutex
                0x20000b94                __lock___sinit_recursive_mutex
                0x20000b98                __lock___malloc_recursive_mutex
                0x20000b9c                __lock___at_quick_exit_mutex
                0x20000ba0                __lock___dd_hash_mutex
                0x20000ba4                __lock___tz_mutex
                0x20000ba8                __lock___sfp_recursive_mutex
 *fill*         0x20000ba9        0x3 
 COMMON         0x20000bac        0x4 c:/ac6/systemworkbench/plugins/fr.ac6.mcu.externaltools.arm-none.win32_1.17.0.201812190825/tools/compiler/bin/../lib/gcc/arm-none-eabi/7.3.1/../../../../arm-none-eabi/lib/thumb/v7e-m/fpv4-sp/hard\libc.a(lib_a-reent.o)
                0x20000bac                errno
                0x20000bb0                . = ALIGN (0x4)
                0x20000bb0                _ebss = .
                0x20000bb0                __bss_end__ = _ebss

._user_heap_stack
                0x20000bb0      0x400 load address 0x0800773c
                0x20000bb0                . = ALIGN (0x8)
                0x20000bb0                PROVIDE (end = .)
                [!provide]                PROVIDE (_end = .)
                0x20000bb0                . = (. + _Min_Heap_Size)
                0x20000fb0                . = (. + _Min_Stack_Size)
 *fill*         0x20000bb0      0x400 
                0x20000fb0                . = ALIGN (0x8)

/DISCARD/
 libc.a(*)
 libm.a(*)
 libgcc.a(*)

.ARM.attributes
                0x00000000       0x30
 *(.ARM.attributes)
 .ARM.attributes
                0x00000000       0x22 c:/ac6/systemworkbench/plugins/fr.ac6.mcu.externaltools.arm-none.win32_1.17.0.201812190825/tools/compiler/bin/../lib/gcc/arm-none-eabi/7.3.1/thumb/v7e-m/fpv4-sp/hard/crti.o
 .ARM.attributes
                0x00000022       0x34 c:/ac6/systemworkbench/plugins/fr.ac6.mcu.externaltools.arm-none.win32_1.17.0.201812190825/tools/compiler/bin/../lib/gcc/arm-none-eabi/7.3.1/thumb/v7e-m/fpv4-sp/hard/crtbegin.o
 .ARM.attributes
                0x00000056       0x39 src/adc.o
 .ARM.attributes
                0x0000008f       0x39 src/dac.o
 .ARM.attributes
                0x000000c8       0x39 src/main.o
 .ARM.attributes
                0x00000101       0x39 src/syscalls.o
 .ARM.attributes
                0x0000013a       0x39 src/system_stm32f4xx.o
 .ARM.attributes
                0x00000173       0x39 src/timer.o
 .ARM.attributes
                0x000001ac       0x21 startup/startup_stm32.o
 .ARM.attributes
                0x000001cd       0x39 C:\work\workspace_stm\lib_uart\Debug\liblib_uart.a(lib_uart.o)
 .ARM.attributes
                0x00000206       0x39 C:\work\workspace_stm\nucleo-f446re_stdperiph_lib\Debug\libnucleo-f446re_stdperiph_lib.a(misc.o)
 .ARM.attributes
                0x0000023f       0x39 C:\work\workspace_stm\nucleo-f446re_stdperiph_lib\Debug\libnucleo-f446re_stdperiph_lib.a(stm32f4xx_adc.o)
 .ARM.attributes
                0x00000278       0x39 C:\work\workspace_stm\nucleo-f446re_stdperiph_lib\Debug\libnucleo-f446re_stdperiph_lib.a(stm32f4xx_dma.o)
 .ARM.attributes
                0x000002b1       0x39 C:\work\workspace_stm\nucleo-f446re_stdperiph_lib\Debug\libnucleo-f446re_stdperiph_lib.a(stm32f4xx_gpio.o)
 .ARM.attributes
                0x000002ea       0x39 C:\work\workspace_stm\nucleo-f446re_stdperiph_lib\Debug\libnucleo-f446re_stdperiph_lib.a(stm32f4xx_rcc.o)
 .ARM.attributes
                0x00000323       0x39 C:\work\workspace_stm\nucleo-f446re_stdperiph_lib\Debug\libnucleo-f446re_stdperiph_lib.a(stm32f4xx_tim.o)
 .ARM.attributes
                0x0000035c       0x39 C:\work\workspace_stm\nucleo-f446re_stdperiph_lib\Debug\libnucleo-f446re_stdperiph_lib.a(stm32f4xx_usart.o)
 .ARM.attributes
                0x00000395       0x34 c:/ac6/systemworkbench/plugins/fr.ac6.mcu.externaltools.arm-none.win32_1.17.0.201812190825/tools/compiler/bin/../lib/gcc/arm-none-eabi/7.3.1/../../../../arm-none-eabi/lib/thumb/v7e-m/fpv4-sp/hard\libc.a(lib_a-errno.o)
 .ARM.attributes
                0x000003c9       0x34 c:/ac6/systemworkbench/plugins/fr.ac6.mcu.externaltools.arm-none.win32_1.17.0.201812190825/tools/compiler/bin/../lib/gcc/arm-none-eabi/7.3.1/../../../../arm-none-eabi/lib/thumb/v7e-m/fpv4-sp/hard\libc.a(lib_a-impure.o)
 .ARM.attributes
                0x000003fd       0x34 c:/ac6/systemworkbench/plugins/fr.ac6.mcu.externaltools.arm-none.win32_1.17.0.201812190825/tools/compiler/bin/../lib/gcc/arm-none-eabi/7.3.1/../../../../arm-none-eabi/lib/thumb/v7e-m/fpv4-sp/hard\libc.a(lib_a-init.o)
 .ARM.attributes
                0x00000431       0x34 c:/ac6/systemworkbench/plugins/fr.ac6.mcu.externaltools.arm-none.win32_1.17.0.201812190825/tools/compiler/bin/../lib/gcc/arm-none-eabi/7.3.1/../../../../arm-none-eabi/lib/thumb/v7e-m/fpv4-sp/hard\libc.a(lib_a-memset.o)
 .ARM.attributes
                0x00000465       0x34 c:/ac6/systemworkbench/plugins/fr.ac6.mcu.externaltools.arm-none.win32_1.17.0.201812190825/tools/compiler/bin/../lib/gcc/arm-none-eabi/7.3.1/../../../../arm-none-eabi/lib/thumb/v7e-m/fpv4-sp/hard\libc.a(lib_a-snprintf.o)
 .ARM.attributes
                0x00000499       0x20 c:/ac6/systemworkbench/plugins/fr.ac6.mcu.externaltools.arm-none.win32_1.17.0.201812190825/tools/compiler/bin/../lib/gcc/arm-none-eabi/7.3.1/../../../../arm-none-eabi/lib/thumb/v7e-m/fpv4-sp/hard\libc.a(lib_a-strlen.o)
 .ARM.attributes
                0x000004b9       0x34 c:/ac6/systemworkbench/plugins/fr.ac6.mcu.externaltools.arm-none.win32_1.17.0.201812190825/tools/compiler/bin/../lib/gcc/arm-none-eabi/7.3.1/../../../../arm-none-eabi/lib/thumb/v7e-m/fpv4-sp/hard\libc.a(lib_a-svfprintf.o)
 .ARM.attributes
                0x000004ed       0x34 c:/ac6/systemworkbench/plugins/fr.ac6.mcu.externaltools.arm-none.win32_1.17.0.201812190825/tools/compiler/bin/../lib/gcc/arm-none-eabi/7.3.1/../../../../arm-none-eabi/lib/thumb/v7e-m/fpv4-sp/hard\libc.a(lib_a-__call_atexit.o)
 .ARM.attributes
                0x00000521       0x34 c:/ac6/systemworkbench/plugins/fr.ac6.mcu.externaltools.arm-none.win32_1.17.0.201812190825/tools/compiler/bin/../lib/gcc/arm-none-eabi/7.3.1/../../../../arm-none-eabi/lib/thumb/v7e-m/fpv4-sp/hard\libc.a(lib_a-atexit.o)
 .ARM.attributes
                0x00000555       0x34 c:/ac6/systemworkbench/plugins/fr.ac6.mcu.externaltools.arm-none.win32_1.17.0.201812190825/tools/compiler/bin/../lib/gcc/arm-none-eabi/7.3.1/../../../../arm-none-eabi/lib/thumb/v7e-m/fpv4-sp/hard\libc.a(lib_a-dtoa.o)
 .ARM.attributes
                0x00000589       0x34 c:/ac6/systemworkbench/plugins/fr.ac6.mcu.externaltools.arm-none.win32_1.17.0.201812190825/tools/compiler/bin/../lib/gcc/arm-none-eabi/7.3.1/../../../../arm-none-eabi/lib/thumb/v7e-m/fpv4-sp/hard\libc.a(lib_a-fini.o)
 .ARM.attributes
                0x000005bd       0x34 c:/ac6/systemworkbench/plugins/fr.ac6.mcu.externaltools.arm-none.win32_1.17.0.201812190825/tools/compiler/bin/../lib/gcc/arm-none-eabi/7.3.1/../../../../arm-none-eabi/lib/thumb/v7e-m/fpv4-sp/hard\libc.a(lib_a-freer.o)
 .ARM.attributes
                0x000005f1       0x34 c:/ac6/systemworkbench/plugins/fr.ac6.mcu.externaltools.arm-none.win32_1.17.0.201812190825/tools/compiler/bin/../lib/gcc/arm-none-eabi/7.3.1/../../../../arm-none-eabi/lib/thumb/v7e-m/fpv4-sp/hard\libc.a(lib_a-localeconv.o)
 .ARM.attributes
                0x00000625       0x34 c:/ac6/systemworkbench/plugins/fr.ac6.mcu.externaltools.arm-none.win32_1.17.0.201812190825/tools/compiler/bin/../lib/gcc/arm-none-eabi/7.3.1/../../../../arm-none-eabi/lib/thumb/v7e-m/fpv4-sp/hard\libc.a(lib_a-lock.o)
 .ARM.attributes
                0x00000659       0x34 c:/ac6/systemworkbench/plugins/fr.ac6.mcu.externaltools.arm-none.win32_1.17.0.201812190825/tools/compiler/bin/../lib/gcc/arm-none-eabi/7.3.1/../../../../arm-none-eabi/lib/thumb/v7e-m/fpv4-sp/hard\libc.a(lib_a-mallocr.o)
 .ARM.attributes
                0x0000068d       0x20 c:/ac6/systemworkbench/plugins/fr.ac6.mcu.externaltools.arm-none.win32_1.17.0.201812190825/tools/compiler/bin/../lib/gcc/arm-none-eabi/7.3.1/../../../../arm-none-eabi/lib/thumb/v7e-m/fpv4-sp/hard\libc.a(lib_a-memchr.o)
 .ARM.attributes
                0x000006ad       0x20 c:/ac6/systemworkbench/plugins/fr.ac6.mcu.externaltools.arm-none.win32_1.17.0.201812190825/tools/compiler/bin/../lib/gcc/arm-none-eabi/7.3.1/../../../../arm-none-eabi/lib/thumb/v7e-m/fpv4-sp/hard\libc.a(lib_a-memcpy.o)
 .ARM.attributes
                0x000006cd       0x34 c:/ac6/systemworkbench/plugins/fr.ac6.mcu.externaltools.arm-none.win32_1.17.0.201812190825/tools/compiler/bin/../lib/gcc/arm-none-eabi/7.3.1/../../../../arm-none-eabi/lib/thumb/v7e-m/fpv4-sp/hard\libc.a(lib_a-mlock.o)
 .ARM.attributes
                0x00000701       0x34 c:/ac6/systemworkbench/plugins/fr.ac6.mcu.externaltools.arm-none.win32_1.17.0.201812190825/tools/compiler/bin/../lib/gcc/arm-none-eabi/7.3.1/../../../../arm-none-eabi/lib/thumb/v7e-m/fpv4-sp/hard\libc.a(lib_a-mprec.o)
 .ARM.attributes
                0x00000735       0x34 c:/ac6/systemworkbench/plugins/fr.ac6.mcu.externaltools.arm-none.win32_1.17.0.201812190825/tools/compiler/bin/../lib/gcc/arm-none-eabi/7.3.1/../../../../arm-none-eabi/lib/thumb/v7e-m/fpv4-sp/hard\libc.a(lib_a-s_frexp.o)
 .ARM.attributes
                0x00000769       0x34 c:/ac6/systemworkbench/plugins/fr.ac6.mcu.externaltools.arm-none.win32_1.17.0.201812190825/tools/compiler/bin/../lib/gcc/arm-none-eabi/7.3.1/../../../../arm-none-eabi/lib/thumb/v7e-m/fpv4-sp/hard\libc.a(lib_a-sbrkr.o)
 .ARM.attributes
                0x0000079d       0x34 c:/ac6/systemworkbench/plugins/fr.ac6.mcu.externaltools.arm-none.win32_1.17.0.201812190825/tools/compiler/bin/../lib/gcc/arm-none-eabi/7.3.1/../../../../arm-none-eabi/lib/thumb/v7e-m/fpv4-sp/hard\libc.a(lib_a-strncpy.o)
 .ARM.attributes
                0x000007d1       0x34 c:/ac6/systemworkbench/plugins/fr.ac6.mcu.externaltools.arm-none.win32_1.17.0.201812190825/tools/compiler/bin/../lib/gcc/arm-none-eabi/7.3.1/../../../../arm-none-eabi/lib/thumb/v7e-m/fpv4-sp/hard\libc.a(lib_a-svfiprintf.o)
 .ARM.attributes
                0x00000805       0x34 c:/ac6/systemworkbench/plugins/fr.ac6.mcu.externaltools.arm-none.win32_1.17.0.201812190825/tools/compiler/bin/../lib/gcc/arm-none-eabi/7.3.1/../../../../arm-none-eabi/lib/thumb/v7e-m/fpv4-sp/hard\libc.a(lib_a-__atexit.o)
 .ARM.attributes
                0x00000839       0x34 c:/ac6/systemworkbench/plugins/fr.ac6.mcu.externaltools.arm-none.win32_1.17.0.201812190825/tools/compiler/bin/../lib/gcc/arm-none-eabi/7.3.1/../../../../arm-none-eabi/lib/thumb/v7e-m/fpv4-sp/hard\libc.a(lib_a-callocr.o)
 .ARM.attributes
                0x0000086d       0x34 c:/ac6/systemworkbench/plugins/fr.ac6.mcu.externaltools.arm-none.win32_1.17.0.201812190825/tools/compiler/bin/../lib/gcc/arm-none-eabi/7.3.1/../../../../arm-none-eabi/lib/thumb/v7e-m/fpv4-sp/hard\libc.a(lib_a-locale.o)
 .ARM.attributes
                0x000008a1       0x34 c:/ac6/systemworkbench/plugins/fr.ac6.mcu.externaltools.arm-none.win32_1.17.0.201812190825/tools/compiler/bin/../lib/gcc/arm-none-eabi/7.3.1/../../../../arm-none-eabi/lib/thumb/v7e-m/fpv4-sp/hard\libc.a(lib_a-mbtowc_r.o)
 .ARM.attributes
                0x000008d5       0x34 c:/ac6/systemworkbench/plugins/fr.ac6.mcu.externaltools.arm-none.win32_1.17.0.201812190825/tools/compiler/bin/../lib/gcc/arm-none-eabi/7.3.1/../../../../arm-none-eabi/lib/thumb/v7e-m/fpv4-sp/hard\libc.a(lib_a-memmove.o)
 .ARM.attributes
                0x00000909       0x34 c:/ac6/systemworkbench/plugins/fr.ac6.mcu.externaltools.arm-none.win32_1.17.0.201812190825/tools/compiler/bin/../lib/gcc/arm-none-eabi/7.3.1/../../../../arm-none-eabi/lib/thumb/v7e-m/fpv4-sp/hard\libc.a(lib_a-reallocr.o)
 .ARM.attributes
                0x0000093d       0x34 c:/ac6/systemworkbench/plugins/fr.ac6.mcu.externaltools.arm-none.win32_1.17.0.201812190825/tools/compiler/bin/../lib/gcc/arm-none-eabi/7.3.1/../../../../arm-none-eabi/lib/thumb/v7e-m/fpv4-sp/hard\libc.a(lib_a-reent.o)
 .ARM.attributes
                0x00000971       0x34 c:/ac6/systemworkbench/plugins/fr.ac6.mcu.externaltools.arm-none.win32_1.17.0.201812190825/tools/compiler/bin/../lib/gcc/arm-none-eabi/7.3.1/../../../../arm-none-eabi/lib/thumb/v7e-m/fpv4-sp/hard\libc.a(lib_a-wctomb_r.o)
 .ARM.attributes
                0x000009a5       0x34 c:/ac6/systemworkbench/plugins/fr.ac6.mcu.externaltools.arm-none.win32_1.17.0.201812190825/tools/compiler/bin/../lib/gcc/arm-none-eabi/7.3.1/../../../../arm-none-eabi/lib/thumb/v7e-m/fpv4-sp/hard\libc.a(lib_a-ctype_.o)
 .ARM.attributes
                0x000009d9       0x22 c:/ac6/systemworkbench/plugins/fr.ac6.mcu.externaltools.arm-none.win32_1.17.0.201812190825/tools/compiler/bin/../lib/gcc/arm-none-eabi/7.3.1/thumb/v7e-m/fpv4-sp/hard\libgcc.a(_arm_addsubdf3.o)
 .ARM.attributes
                0x000009fb       0x22 c:/ac6/systemworkbench/plugins/fr.ac6.mcu.externaltools.arm-none.win32_1.17.0.201812190825/tools/compiler/bin/../lib/gcc/arm-none-eabi/7.3.1/thumb/v7e-m/fpv4-sp/hard\libgcc.a(_arm_muldivdf3.o)
 .ARM.attributes
                0x00000a1d       0x22 c:/ac6/systemworkbench/plugins/fr.ac6.mcu.externaltools.arm-none.win32_1.17.0.201812190825/tools/compiler/bin/../lib/gcc/arm-none-eabi/7.3.1/thumb/v7e-m/fpv4-sp/hard\libgcc.a(_arm_cmpdf2.o)
 .ARM.attributes
                0x00000a3f       0x22 c:/ac6/systemworkbench/plugins/fr.ac6.mcu.externaltools.arm-none.win32_1.17.0.201812190825/tools/compiler/bin/../lib/gcc/arm-none-eabi/7.3.1/thumb/v7e-m/fpv4-sp/hard\libgcc.a(_arm_unorddf2.o)
 .ARM.attributes
                0x00000a61       0x22 c:/ac6/systemworkbench/plugins/fr.ac6.mcu.externaltools.arm-none.win32_1.17.0.201812190825/tools/compiler/bin/../lib/gcc/arm-none-eabi/7.3.1/thumb/v7e-m/fpv4-sp/hard\libgcc.a(_arm_fixdfsi.o)
 .ARM.attributes
                0x00000a83       0x22 c:/ac6/systemworkbench/plugins/fr.ac6.mcu.externaltools.arm-none.win32_1.17.0.201812190825/tools/compiler/bin/../lib/gcc/arm-none-eabi/7.3.1/thumb/v7e-m/fpv4-sp/hard\libgcc.a(_aeabi_uldivmod.o)
 .ARM.attributes
                0x00000aa5       0x34 c:/ac6/systemworkbench/plugins/fr.ac6.mcu.externaltools.arm-none.win32_1.17.0.201812190825/tools/compiler/bin/../lib/gcc/arm-none-eabi/7.3.1/thumb/v7e-m/fpv4-sp/hard\libgcc.a(_udivmoddi4.o)
 .ARM.attributes
                0x00000ad9       0x22 c:/ac6/systemworkbench/plugins/fr.ac6.mcu.externaltools.arm-none.win32_1.17.0.201812190825/tools/compiler/bin/../lib/gcc/arm-none-eabi/7.3.1/thumb/v7e-m/fpv4-sp/hard\libgcc.a(_dvmd_tls.o)
 .ARM.attributes
                0x00000afb       0x22 c:/ac6/systemworkbench/plugins/fr.ac6.mcu.externaltools.arm-none.win32_1.17.0.201812190825/tools/compiler/bin/../lib/gcc/arm-none-eabi/7.3.1/thumb/v7e-m/fpv4-sp/hard/crtn.o
OUTPUT(f446re_dac.elf elf32-littlearm)

.debug_info     0x00000000     0x9605
 .debug_info    0x00000000      0x974 src/adc.o
 .debug_info    0x00000974      0x974 src/dac.o
 .debug_info    0x000012e8      0xbd7 src/main.o
 .debug_info    0x00001ebf      0xf2e src/syscalls.o
 .debug_info    0x00002ded      0x612 src/system_stm32f4xx.o
 .debug_info    0x000033ff      0x441 src/timer.o
 .debug_info    0x00003840       0x22 startup/startup_stm32.o
 .debug_info    0x00003862      0x8bf C:\work\workspace_stm\lib_uart\Debug\liblib_uart.a(lib_uart.o)
 .debug_info    0x00004121      0x54b C:\work\workspace_stm\nucleo-f446re_stdperiph_lib\Debug\libnucleo-f446re_stdperiph_lib.a(misc.o)
 .debug_info    0x0000466c      0xc4e C:\work\workspace_stm\nucleo-f446re_stdperiph_lib\Debug\libnucleo-f446re_stdperiph_lib.a(stm32f4xx_adc.o)
 .debug_info    0x000052ba      0x74b C:\work\workspace_stm\nucleo-f446re_stdperiph_lib\Debug\libnucleo-f446re_stdperiph_lib.a(stm32f4xx_dma.o)
 .debug_info    0x00005a05      0x62b C:\work\workspace_stm\nucleo-f446re_stdperiph_lib\Debug\libnucleo-f446re_stdperiph_lib.a(stm32f4xx_gpio.o)
 .debug_info    0x00006030      0xf8e C:\work\workspace_stm\nucleo-f446re_stdperiph_lib\Debug\libnucleo-f446re_stdperiph_lib.a(stm32f4xx_rcc.o)
 .debug_info    0x00006fbe     0x1c73 C:\work\workspace_stm\nucleo-f446re_stdperiph_lib\Debug\libnucleo-f446re_stdperiph_lib.a(stm32f4xx_tim.o)
 .debug_info    0x00008c31      0x9d4 C:\work\workspace_stm\nucleo-f446re_stdperiph_lib\Debug\libnucleo-f446re_stdperiph_lib.a(stm32f4xx_usart.o)

.debug_abbrev   0x00000000     0x182a
 .debug_abbrev  0x00000000      0x1ac src/adc.o
 .debug_abbrev  0x000001ac      0x203 src/dac.o
 .debug_abbrev  0x000003af      0x22e src/main.o
 .debug_abbrev  0x000005dd      0x2aa src/syscalls.o
 .debug_abbrev  0x00000887      0x15d src/system_stm32f4xx.o
 .debug_abbrev  0x000009e4      0x121 src/timer.o
 .debug_abbrev  0x00000b05       0x12 startup/startup_stm32.o
 .debug_abbrev  0x00000b17      0x1c6 C:\work\workspace_stm\lib_uart\Debug\liblib_uart.a(lib_uart.o)
 .debug_abbrev  0x00000cdd      0x177 C:\work\workspace_stm\nucleo-f446re_stdperiph_lib\Debug\libnucleo-f446re_stdperiph_lib.a(misc.o)
 .debug_abbrev  0x00000e54      0x1b0 C:\work\workspace_stm\nucleo-f446re_stdperiph_lib\Debug\libnucleo-f446re_stdperiph_lib.a(stm32f4xx_adc.o)
 .debug_abbrev  0x00001004      0x16d C:\work\workspace_stm\nucleo-f446re_stdperiph_lib\Debug\libnucleo-f446re_stdperiph_lib.a(stm32f4xx_dma.o)
 .debug_abbrev  0x00001171      0x1bf C:\work\workspace_stm\nucleo-f446re_stdperiph_lib\Debug\libnucleo-f446re_stdperiph_lib.a(stm32f4xx_gpio.o)
 .debug_abbrev  0x00001330      0x1d4 C:\work\workspace_stm\nucleo-f446re_stdperiph_lib\Debug\libnucleo-f446re_stdperiph_lib.a(stm32f4xx_rcc.o)
 .debug_abbrev  0x00001504      0x19f C:\work\workspace_stm\nucleo-f446re_stdperiph_lib\Debug\libnucleo-f446re_stdperiph_lib.a(stm32f4xx_tim.o)
 .debug_abbrev  0x000016a3      0x187 C:\work\workspace_stm\nucleo-f446re_stdperiph_lib\Debug\libnucleo-f446re_stdperiph_lib.a(stm32f4xx_usart.o)

.debug_aranges  0x00000000      0xac8
 .debug_aranges
                0x00000000       0x40 src/adc.o
 .debug_aranges
                0x00000040       0x50 src/dac.o
 .debug_aranges
                0x00000090       0x20 src/main.o
 .debug_aranges
                0x000000b0       0xb0 src/syscalls.o
 .debug_aranges
                0x00000160       0x30 src/system_stm32f4xx.o
 .debug_aranges
                0x00000190       0x30 src/timer.o
 .debug_aranges
                0x000001c0       0x28 startup/startup_stm32.o
 .debug_aranges
                0x000001e8       0x40 C:\work\workspace_stm\lib_uart\Debug\liblib_uart.a(lib_uart.o)
 .debug_aranges
                0x00000228       0x40 C:\work\workspace_stm\nucleo-f446re_stdperiph_lib\Debug\libnucleo-f446re_stdperiph_lib.a(misc.o)
 .debug_aranges
                0x00000268      0x148 C:\work\workspace_stm\nucleo-f446re_stdperiph_lib\Debug\libnucleo-f446re_stdperiph_lib.a(stm32f4xx_adc.o)
 .debug_aranges
                0x000003b0       0xb0 C:\work\workspace_stm\nucleo-f446re_stdperiph_lib\Debug\libnucleo-f446re_stdperiph_lib.a(stm32f4xx_dma.o)
 .debug_aranges
                0x00000460       0x88 C:\work\workspace_stm\nucleo-f446re_stdperiph_lib\Debug\libnucleo-f446re_stdperiph_lib.a(stm32f4xx_gpio.o)
 .debug_aranges
                0x000004e8      0x1e8 C:\work\workspace_stm\nucleo-f446re_stdperiph_lib\Debug\libnucleo-f446re_stdperiph_lib.a(stm32f4xx_rcc.o)
 .debug_aranges
                0x000006d0      0x2f8 C:\work\workspace_stm\nucleo-f446re_stdperiph_lib\Debug\libnucleo-f446re_stdperiph_lib.a(stm32f4xx_tim.o)
 .debug_aranges
                0x000009c8      0x100 C:\work\workspace_stm\nucleo-f446re_stdperiph_lib\Debug\libnucleo-f446re_stdperiph_lib.a(stm32f4xx_usart.o)

.debug_ranges   0x00000000      0x9e0
 .debug_ranges  0x00000000       0x30 src/adc.o
 .debug_ranges  0x00000030       0x40 src/dac.o
 .debug_ranges  0x00000070       0x10 src/main.o
 .debug_ranges  0x00000080       0xa0 src/syscalls.o
 .debug_ranges  0x00000120       0x20 src/system_stm32f4xx.o
 .debug_ranges  0x00000140       0x20 src/timer.o
 .debug_ranges  0x00000160       0x20 startup/startup_stm32.o
 .debug_ranges  0x00000180       0x30 C:\work\workspace_stm\lib_uart\Debug\liblib_uart.a(lib_uart.o)
 .debug_ranges  0x000001b0       0x30 C:\work\workspace_stm\nucleo-f446re_stdperiph_lib\Debug\libnucleo-f446re_stdperiph_lib.a(misc.o)
 .debug_ranges  0x000001e0      0x138 C:\work\workspace_stm\nucleo-f446re_stdperiph_lib\Debug\libnucleo-f446re_stdperiph_lib.a(stm32f4xx_adc.o)
 .debug_ranges  0x00000318       0xa0 C:\work\workspace_stm\nucleo-f446re_stdperiph_lib\Debug\libnucleo-f446re_stdperiph_lib.a(stm32f4xx_dma.o)
 .debug_ranges  0x000003b8       0x78 C:\work\workspace_stm\nucleo-f446re_stdperiph_lib\Debug\libnucleo-f446re_stdperiph_lib.a(stm32f4xx_gpio.o)
 .debug_ranges  0x00000430      0x1d8 C:\work\workspace_stm\nucleo-f446re_stdperiph_lib\Debug\libnucleo-f446re_stdperiph_lib.a(stm32f4xx_rcc.o)
 .debug_ranges  0x00000608      0x2e8 C:\work\workspace_stm\nucleo-f446re_stdperiph_lib\Debug\libnucleo-f446re_stdperiph_lib.a(stm32f4xx_tim.o)
 .debug_ranges  0x000008f0       0xf0 C:\work\workspace_stm\nucleo-f446re_stdperiph_lib\Debug\libnucleo-f446re_stdperiph_lib.a(stm32f4xx_usart.o)

.debug_macro    0x00000000    0x164d1
 .debug_macro   0x00000000      0x202 src/adc.o
 .debug_macro   0x00000202      0xa72 src/adc.o
 .debug_macro   0x00000c74       0x65 src/adc.o
 .debug_macro   0x00000cd9       0x3b src/adc.o
 .debug_macro   0x00000d14       0x22 src/adc.o
 .debug_macro   0x00000d36       0x8e src/adc.o
 .debug_macro   0x00000dc4       0x51 src/adc.o
 .debug_macro   0x00000e15       0xef src/adc.o
 .debug_macro   0x00000f04       0x6a src/adc.o
 .debug_macro   0x00000f6e      0x1df src/adc.o
 .debug_macro   0x0000114d       0x34 src/adc.o
 .debug_macro   0x00001181       0x26 src/adc.o
 .debug_macro   0x000011a7      0xe43 src/adc.o
 .debug_macro   0x00001fea     0x9f98 src/adc.o
 .debug_macro   0x0000bf82       0xb2 src/adc.o
 .debug_macro   0x0000c034      0x477 src/adc.o
 .debug_macro   0x0000c4ab       0xb5 src/adc.o
 .debug_macro   0x0000c560      0x41c src/adc.o
 .debug_macro   0x0000c97c      0x341 src/adc.o
 .debug_macro   0x0000ccbd      0x2ba src/adc.o
 .debug_macro   0x0000cf77       0x64 src/adc.o
 .debug_macro   0x0000cfdb      0x100 src/adc.o
 .debug_macro   0x0000d0db      0x76d src/adc.o
 .debug_macro   0x0000d848      0x59e src/adc.o
 .debug_macro   0x0000dde6      0x342 src/adc.o
 .debug_macro   0x0000e128      0x36c src/adc.o
 .debug_macro   0x0000e494      0x114 src/adc.o
 .debug_macro   0x0000e5a8      0x73b src/adc.o
 .debug_macro   0x0000ece3      0x223 src/adc.o
 .debug_macro   0x0000ef06       0x34 src/adc.o
 .debug_macro   0x0000ef3a       0x82 src/adc.o
 .debug_macro   0x0000efbc      0x144 src/adc.o
 .debug_macro   0x0000f100       0xc3 src/adc.o
 .debug_macro   0x0000f1c3      0x3cf src/adc.o
 .debug_macro   0x0000f592      0x188 src/adc.o
 .debug_macro   0x0000f71a      0x149 src/adc.o
 .debug_macro   0x0000f863      0x21e src/adc.o
 .debug_macro   0x0000fa81      0x23a src/adc.o
 .debug_macro   0x0000fcbb      0x359 src/adc.o
 .debug_macro   0x00010014      0x287 src/adc.o
 .debug_macro   0x0001029b      0x29a src/adc.o
 .debug_macro   0x00010535      0x142 src/adc.o
 .debug_macro   0x00010677      0x191 src/adc.o
 .debug_macro   0x00010808       0x35 src/adc.o
 .debug_macro   0x0001083d      0x448 src/adc.o
 .debug_macro   0x00010c85      0x222 src/dac.o
 .debug_macro   0x00010ea7      0x182 src/dac.o
 .debug_macro   0x00011029      0x3a5 src/main.o
 .debug_macro   0x000113ce       0x10 src/main.o
 .debug_macro   0x000113de       0x5e src/main.o
 .debug_macro   0x0001143c       0x18 src/main.o
 .debug_macro   0x00011454       0x35 src/main.o
 .debug_macro   0x00011489       0x34 src/main.o
 .debug_macro   0x000114bd       0x16 src/main.o
 .debug_macro   0x000114d3       0x97 src/main.o
 .debug_macro   0x0001156a      0x330 src/main.o
 .debug_macro   0x0001189a       0xfd src/main.o
 .debug_macro   0x00011997       0x10 src/main.o
 .debug_macro   0x000119a7       0x58 src/main.o
 .debug_macro   0x000119ff       0x1f src/main.o
 .debug_macro   0x00011a1e       0x43 src/main.o
 .debug_macro   0x00011a61       0x20 src/main.o
 .debug_macro   0x00011a81      0x18e src/main.o
 .debug_macro   0x00011c0f       0x10 src/main.o
 .debug_macro   0x00011c1f       0x1c src/main.o
 .debug_macro   0x00011c3b       0x52 src/main.o
 .debug_macro   0x00011c8d       0x40 src/main.o
 .debug_macro   0x00011ccd       0x10 src/main.o
 .debug_macro   0x00011cdd       0x40 src/main.o
 .debug_macro   0x00011d1d       0xd7 src/main.o
 .debug_macro   0x00011df4       0x1c src/main.o
 .debug_macro   0x00011e10       0x3d src/main.o
 .debug_macro   0x00011e4d       0x16 src/main.o
 .debug_macro   0x00011e63      0x16f src/main.o
 .debug_macro   0x00011fd2       0x16 src/main.o
 .debug_macro   0x00011fe8       0x35 src/main.o
 .debug_macro   0x0001201d      0x243 src/syscalls.o
 .debug_macro   0x00012260       0x58 src/syscalls.o
 .debug_macro   0x000122b8       0x94 src/syscalls.o
 .debug_macro   0x0001234c       0x57 src/syscalls.o
 .debug_macro   0x000123a3      0x174 src/syscalls.o
 .debug_macro   0x00012517       0x10 src/syscalls.o
 .debug_macro   0x00012527       0x10 src/syscalls.o
 .debug_macro   0x00012537       0x10 src/syscalls.o
 .debug_macro   0x00012547       0x35 src/syscalls.o
 .debug_macro   0x0001257c      0x122 src/syscalls.o
 .debug_macro   0x0001269e       0x16 src/syscalls.o
 .debug_macro   0x000126b4       0x16 src/syscalls.o
 .debug_macro   0x000126ca       0x29 src/syscalls.o
 .debug_macro   0x000126f3       0x10 src/syscalls.o
 .debug_macro   0x00012703      0x241 src/syscalls.o
 .debug_macro   0x00012944       0x1c src/syscalls.o
 .debug_macro   0x00012960       0x10 src/syscalls.o
 .debug_macro   0x00012970      0x189 src/syscalls.o
 .debug_macro   0x00012af9       0x16 src/syscalls.o
 .debug_macro   0x00012b0f       0x88 src/syscalls.o
 .debug_macro   0x00012b97      0x227 src/system_stm32f4xx.o
 .debug_macro   0x00012dbe      0x202 src/timer.o
 .debug_macro   0x00012fc0      0x735 src/timer.o
 .debug_macro   0x000136f5      0x207 C:\work\workspace_stm\lib_uart\Debug\liblib_uart.a(lib_uart.o)
 .debug_macro   0x000138fc      0x1fe C:\work\workspace_stm\nucleo-f446re_stdperiph_lib\Debug\libnucleo-f446re_stdperiph_lib.a(misc.o)
 .debug_macro   0x00013afa      0xa5a C:\work\workspace_stm\nucleo-f446re_stdperiph_lib\Debug\libnucleo-f446re_stdperiph_lib.a(misc.o)
 .debug_macro   0x00014554       0x7c C:\work\workspace_stm\nucleo-f446re_stdperiph_lib\Debug\libnucleo-f446re_stdperiph_lib.a(misc.o)
 .debug_macro   0x000145d0      0x280 C:\work\workspace_stm\nucleo-f446re_stdperiph_lib\Debug\libnucleo-f446re_stdperiph_lib.a(stm32f4xx_adc.o)
 .debug_macro   0x00014850      0x250 C:\work\workspace_stm\nucleo-f446re_stdperiph_lib\Debug\libnucleo-f446re_stdperiph_lib.a(stm32f4xx_dma.o)
 .debug_macro   0x00014aa0      0x471 C:\work\workspace_stm\nucleo-f446re_stdperiph_lib\Debug\libnucleo-f446re_stdperiph_lib.a(stm32f4xx_dma.o)
 .debug_macro   0x00014f11      0x1fc C:\work\workspace_stm\nucleo-f446re_stdperiph_lib\Debug\libnucleo-f446re_stdperiph_lib.a(stm32f4xx_gpio.o)
 .debug_macro   0x0001510d      0x33b C:\work\workspace_stm\nucleo-f446re_stdperiph_lib\Debug\libnucleo-f446re_stdperiph_lib.a(stm32f4xx_gpio.o)
 .debug_macro   0x00015448      0x2cb C:\work\workspace_stm\nucleo-f446re_stdperiph_lib\Debug\libnucleo-f446re_stdperiph_lib.a(stm32f4xx_rcc.o)
 .debug_macro   0x00015713      0x767 C:\work\workspace_stm\nucleo-f446re_stdperiph_lib\Debug\libnucleo-f446re_stdperiph_lib.a(stm32f4xx_rcc.o)
 .debug_macro   0x00015e7a      0x226 C:\work\workspace_stm\nucleo-f446re_stdperiph_lib\Debug\libnucleo-f446re_stdperiph_lib.a(stm32f4xx_tim.o)
 .debug_macro   0x000160a0      0x214 C:\work\workspace_stm\nucleo-f446re_stdperiph_lib\Debug\libnucleo-f446re_stdperiph_lib.a(stm32f4xx_usart.o)
 .debug_macro   0x000162b4      0x21d C:\work\workspace_stm\nucleo-f446re_stdperiph_lib\Debug\libnucleo-f446re_stdperiph_lib.a(stm32f4xx_usart.o)

.debug_line     0x00000000     0x7907
 .debug_line    0x00000000      0x726 src/adc.o
 .debug_line    0x00000726      0x7d2 src/dac.o
 .debug_line    0x00000ef8      0x867 src/main.o
 .debug_line    0x0000175f      0x5df src/syscalls.o
 .debug_line    0x00001d3e      0x714 src/system_stm32f4xx.o
 .debug_line    0x00002452      0x6ea src/timer.o
 .debug_line    0x00002b3c       0x7c startup/startup_stm32.o
 .debug_line    0x00002bb8      0x75c C:\work\workspace_stm\lib_uart\Debug\liblib_uart.a(lib_uart.o)
 .debug_line    0x00003314      0x6e7 C:\work\workspace_stm\nucleo-f446re_stdperiph_lib\Debug\libnucleo-f446re_stdperiph_lib.a(misc.o)
 .debug_line    0x000039fb      0x9fb C:\work\workspace_stm\nucleo-f446re_stdperiph_lib\Debug\libnucleo-f446re_stdperiph_lib.a(stm32f4xx_adc.o)
 .debug_line    0x000043f6      0x8c8 C:\work\workspace_stm\nucleo-f446re_stdperiph_lib\Debug\libnucleo-f446re_stdperiph_lib.a(stm32f4xx_dma.o)
 .debug_line    0x00004cbe      0x80d C:\work\workspace_stm\nucleo-f446re_stdperiph_lib\Debug\libnucleo-f446re_stdperiph_lib.a(stm32f4xx_gpio.o)
 .debug_line    0x000054cb      0xb8a C:\work\workspace_stm\nucleo-f446re_stdperiph_lib\Debug\libnucleo-f446re_stdperiph_lib.a(stm32f4xx_rcc.o)
 .debug_line    0x00006055      0xf5f C:\work\workspace_stm\nucleo-f446re_stdperiph_lib\Debug\libnucleo-f446re_stdperiph_lib.a(stm32f4xx_tim.o)
 .debug_line    0x00006fb4      0x953 C:\work\workspace_stm\nucleo-f446re_stdperiph_lib\Debug\libnucleo-f446re_stdperiph_lib.a(stm32f4xx_usart.o)

.debug_str      0x00000000    0x75f59
 .debug_str     0x00000000    0x6d6a4 src/adc.o
                              0x6d9aa (size before relaxing)
 .debug_str     0x0006d6a4      0x2d9 src/dac.o
                              0x6da62 (size before relaxing)
 .debug_str     0x0006d97d     0x40f5 src/main.o
                              0x711be (size before relaxing)
 .debug_str     0x00071a72     0x11f5 src/syscalls.o
                               0x859d (size before relaxing)
 .debug_str     0x00072c67      0x28c src/system_stm32f4xx.o
                              0x6d17a (size before relaxing)
 .debug_str     0x00072ef3      0x1c0 src/timer.o
                              0x6d0f3 (size before relaxing)
 .debug_str     0x000730b3       0x29 startup/startup_stm32.o
                                 0x50 (size before relaxing)
 .debug_str     0x000730dc      0x1bd C:\work\workspace_stm\lib_uart\Debug\liblib_uart.a(lib_uart.o)
                              0x6dbce (size before relaxing)
 .debug_str     0x00073299      0x19f C:\work\workspace_stm\nucleo-f446re_stdperiph_lib\Debug\libnucleo-f446re_stdperiph_lib.a(misc.o)
                              0x6d124 (size before relaxing)
 .debug_str     0x00073438      0x7d1 C:\work\workspace_stm\nucleo-f446re_stdperiph_lib\Debug\libnucleo-f446re_stdperiph_lib.a(stm32f4xx_adc.o)
                              0x6d813 (size before relaxing)
 .debug_str     0x00073c09      0x553 C:\work\workspace_stm\nucleo-f446re_stdperiph_lib\Debug\libnucleo-f446re_stdperiph_lib.a(stm32f4xx_dma.o)
                              0x6d58a (size before relaxing)
 .debug_str     0x0007415c      0x172 C:\work\workspace_stm\nucleo-f446re_stdperiph_lib\Debug\libnucleo-f446re_stdperiph_lib.a(stm32f4xx_gpio.o)
                              0x6d1cc (size before relaxing)
 .debug_str     0x000742ce      0xcc3 C:\work\workspace_stm\nucleo-f446re_stdperiph_lib\Debug\libnucleo-f446re_stdperiph_lib.a(stm32f4xx_rcc.o)
                              0x6dda8 (size before relaxing)
 .debug_str     0x00074f91      0xb2c C:\work\workspace_stm\nucleo-f446re_stdperiph_lib\Debug\libnucleo-f446re_stdperiph_lib.a(stm32f4xx_tim.o)
                              0x6dbc3 (size before relaxing)
 .debug_str     0x00075abd      0x49c C:\work\workspace_stm\nucleo-f446re_stdperiph_lib\Debug\libnucleo-f446re_stdperiph_lib.a(stm32f4xx_usart.o)
                              0x6d4df (size before relaxing)

.comment        0x00000000       0x7f
 .comment       0x00000000       0x7f src/adc.o
                                 0x80 (size before relaxing)
 .comment       0x0000007f       0x80 src/dac.o
 .comment       0x0000007f       0x80 src/main.o
 .comment       0x0000007f       0x80 src/syscalls.o
 .comment       0x0000007f       0x80 src/system_stm32f4xx.o
 .comment       0x0000007f       0x80 src/timer.o
 .comment       0x0000007f       0x80 C:\work\workspace_stm\lib_uart\Debug\liblib_uart.a(lib_uart.o)
 .comment       0x0000007f       0x80 C:\work\workspace_stm\nucleo-f446re_stdperiph_lib\Debug\libnucleo-f446re_stdperiph_lib.a(misc.o)
 .comment       0x0000007f       0x80 C:\work\workspace_stm\nucleo-f446re_stdperiph_lib\Debug\libnucleo-f446re_stdperiph_lib.a(stm32f4xx_adc.o)
 .comment       0x0000007f       0x80 C:\work\workspace_stm\nucleo-f446re_stdperiph_lib\Debug\libnucleo-f446re_stdperiph_lib.a(stm32f4xx_dma.o)
 .comment       0x0000007f       0x80 C:\work\workspace_stm\nucleo-f446re_stdperiph_lib\Debug\libnucleo-f446re_stdperiph_lib.a(stm32f4xx_gpio.o)
 .comment       0x0000007f       0x80 C:\work\workspace_stm\nucleo-f446re_stdperiph_lib\Debug\libnucleo-f446re_stdperiph_lib.a(stm32f4xx_rcc.o)
 .comment       0x0000007f       0x80 C:\work\workspace_stm\nucleo-f446re_stdperiph_lib\Debug\libnucleo-f446re_stdperiph_lib.a(stm32f4xx_tim.o)
 .comment       0x0000007f       0x80 C:\work\workspace_stm\nucleo-f446re_stdperiph_lib\Debug\libnucleo-f446re_stdperiph_lib.a(stm32f4xx_usart.o)

.debug_frame    0x00000000     0x3b08
 .debug_frame   0x00000000       0xc0 src/adc.o
 .debug_frame   0x000000c0      0x104 src/dac.o
 .debug_frame   0x000001c4       0x30 src/main.o
 .debug_frame   0x000001f4      0x2d0 src/syscalls.o
 .debug_frame   0x000004c4       0x7c src/system_stm32f4xx.o
 .debug_frame   0x00000540       0x7c src/timer.o
 .debug_frame   0x000005bc       0xc0 C:\work\workspace_stm\lib_uart\Debug\liblib_uart.a(lib_uart.o)
 .debug_frame   0x0000067c       0xd8 C:\work\workspace_stm\nucleo-f446re_stdperiph_lib\Debug\libnucleo-f446re_stdperiph_lib.a(misc.o)
 .debug_frame   0x00000754      0x5ec C:\work\workspace_stm\nucleo-f446re_stdperiph_lib\Debug\libnucleo-f446re_stdperiph_lib.a(stm32f4xx_adc.o)
 .debug_frame   0x00000d40      0x308 C:\work\workspace_stm\nucleo-f446re_stdperiph_lib\Debug\libnucleo-f446re_stdperiph_lib.a(stm32f4xx_dma.o)
 .debug_frame   0x00001048      0x23c C:\work\workspace_stm\nucleo-f446re_stdperiph_lib\Debug\libnucleo-f446re_stdperiph_lib.a(stm32f4xx_gpio.o)
 .debug_frame   0x00001284      0x904 C:\work\workspace_stm\nucleo-f446re_stdperiph_lib\Debug\libnucleo-f446re_stdperiph_lib.a(stm32f4xx_rcc.o)
 .debug_frame   0x00001b88      0xe54 C:\work\workspace_stm\nucleo-f446re_stdperiph_lib\Debug\libnucleo-f446re_stdperiph_lib.a(stm32f4xx_tim.o)
 .debug_frame   0x000029dc      0x490 C:\work\workspace_stm\nucleo-f446re_stdperiph_lib\Debug\libnucleo-f446re_stdperiph_lib.a(stm32f4xx_usart.o)
 .debug_frame   0x00002e6c       0x20 c:/ac6/systemworkbench/plugins/fr.ac6.mcu.externaltools.arm-none.win32_1.17.0.201812190825/tools/compiler/bin/../lib/gcc/arm-none-eabi/7.3.1/../../../../arm-none-eabi/lib/thumb/v7e-m/fpv4-sp/hard\libc.a(lib_a-errno.o)
 .debug_frame   0x00002e8c       0x2c c:/ac6/systemworkbench/plugins/fr.ac6.mcu.externaltools.arm-none.win32_1.17.0.201812190825/tools/compiler/bin/../lib/gcc/arm-none-eabi/7.3.1/../../../../arm-none-eabi/lib/thumb/v7e-m/fpv4-sp/hard\libc.a(lib_a-init.o)
 .debug_frame   0x00002eb8       0x38 c:/ac6/systemworkbench/plugins/fr.ac6.mcu.externaltools.arm-none.win32_1.17.0.201812190825/tools/compiler/bin/../lib/gcc/arm-none-eabi/7.3.1/../../../../arm-none-eabi/lib/thumb/v7e-m/fpv4-sp/hard\libc.a(lib_a-memset.o)
 .debug_frame   0x00002ef0       0x9c c:/ac6/systemworkbench/plugins/fr.ac6.mcu.externaltools.arm-none.win32_1.17.0.201812190825/tools/compiler/bin/../lib/gcc/arm-none-eabi/7.3.1/../../../../arm-none-eabi/lib/thumb/v7e-m/fpv4-sp/hard\libc.a(lib_a-snprintf.o)
 .debug_frame   0x00002f8c       0x40 c:/ac6/systemworkbench/plugins/fr.ac6.mcu.externaltools.arm-none.win32_1.17.0.201812190825/tools/compiler/bin/../lib/gcc/arm-none-eabi/7.3.1/../../../../arm-none-eabi/lib/thumb/v7e-m/fpv4-sp/hard\libc.a(lib_a-svfprintf.o)
 .debug_frame   0x00002fcc       0x5c c:/ac6/systemworkbench/plugins/fr.ac6.mcu.externaltools.arm-none.win32_1.17.0.201812190825/tools/compiler/bin/../lib/gcc/arm-none-eabi/7.3.1/../../../../arm-none-eabi/lib/thumb/v7e-m/fpv4-sp/hard\libc.a(lib_a-__call_atexit.o)
 .debug_frame   0x00003028       0x20 c:/ac6/systemworkbench/plugins/fr.ac6.mcu.externaltools.arm-none.win32_1.17.0.201812190825/tools/compiler/bin/../lib/gcc/arm-none-eabi/7.3.1/../../../../arm-none-eabi/lib/thumb/v7e-m/fpv4-sp/hard\libc.a(lib_a-atexit.o)
 .debug_frame   0x00003048       0x88 c:/ac6/systemworkbench/plugins/fr.ac6.mcu.externaltools.arm-none.win32_1.17.0.201812190825/tools/compiler/bin/../lib/gcc/arm-none-eabi/7.3.1/../../../../arm-none-eabi/lib/thumb/v7e-m/fpv4-sp/hard\libc.a(lib_a-dtoa.o)
 .debug_frame   0x000030d0       0x34 c:/ac6/systemworkbench/plugins/fr.ac6.mcu.externaltools.arm-none.win32_1.17.0.201812190825/tools/compiler/bin/../lib/gcc/arm-none-eabi/7.3.1/../../../../arm-none-eabi/lib/thumb/v7e-m/fpv4-sp/hard\libc.a(lib_a-fini.o)
 .debug_frame   0x00003104       0x80 c:/ac6/systemworkbench/plugins/fr.ac6.mcu.externaltools.arm-none.win32_1.17.0.201812190825/tools/compiler/bin/../lib/gcc/arm-none-eabi/7.3.1/../../../../arm-none-eabi/lib/thumb/v7e-m/fpv4-sp/hard\libc.a(lib_a-freer.o)
 .debug_frame   0x00003184       0x40 c:/ac6/systemworkbench/plugins/fr.ac6.mcu.externaltools.arm-none.win32_1.17.0.201812190825/tools/compiler/bin/../lib/gcc/arm-none-eabi/7.3.1/../../../../arm-none-eabi/lib/thumb/v7e-m/fpv4-sp/hard\libc.a(lib_a-localeconv.o)
 .debug_frame   0x000031c4       0xb0 c:/ac6/systemworkbench/plugins/fr.ac6.mcu.externaltools.arm-none.win32_1.17.0.201812190825/tools/compiler/bin/../lib/gcc/arm-none-eabi/7.3.1/../../../../arm-none-eabi/lib/thumb/v7e-m/fpv4-sp/hard\libc.a(lib_a-lock.o)
 .debug_frame   0x00003274       0x54 c:/ac6/systemworkbench/plugins/fr.ac6.mcu.externaltools.arm-none.win32_1.17.0.201812190825/tools/compiler/bin/../lib/gcc/arm-none-eabi/7.3.1/../../../../arm-none-eabi/lib/thumb/v7e-m/fpv4-sp/hard\libc.a(lib_a-mallocr.o)
 .debug_frame   0x000032c8       0x30 c:/ac6/systemworkbench/plugins/fr.ac6.mcu.externaltools.arm-none.win32_1.17.0.201812190825/tools/compiler/bin/../lib/gcc/arm-none-eabi/7.3.1/../../../../arm-none-eabi/lib/thumb/v7e-m/fpv4-sp/hard\libc.a(lib_a-mlock.o)
 .debug_frame   0x000032f8      0x25c c:/ac6/systemworkbench/plugins/fr.ac6.mcu.externaltools.arm-none.win32_1.17.0.201812190825/tools/compiler/bin/../lib/gcc/arm-none-eabi/7.3.1/../../../../arm-none-eabi/lib/thumb/v7e-m/fpv4-sp/hard\libc.a(lib_a-mprec.o)
 .debug_frame   0x00003554       0x2c c:/ac6/systemworkbench/plugins/fr.ac6.mcu.externaltools.arm-none.win32_1.17.0.201812190825/tools/compiler/bin/../lib/gcc/arm-none-eabi/7.3.1/../../../../arm-none-eabi/lib/thumb/v7e-m/fpv4-sp/hard\libc.a(lib_a-s_frexp.o)
 .debug_frame   0x00003580       0x2c c:/ac6/systemworkbench/plugins/fr.ac6.mcu.externaltools.arm-none.win32_1.17.0.201812190825/tools/compiler/bin/../lib/gcc/arm-none-eabi/7.3.1/../../../../arm-none-eabi/lib/thumb/v7e-m/fpv4-sp/hard\libc.a(lib_a-sbrkr.o)
 .debug_frame   0x000035ac       0x34 c:/ac6/systemworkbench/plugins/fr.ac6.mcu.externaltools.arm-none.win32_1.17.0.201812190825/tools/compiler/bin/../lib/gcc/arm-none-eabi/7.3.1/../../../../arm-none-eabi/lib/thumb/v7e-m/fpv4-sp/hard\libc.a(lib_a-strncpy.o)
 .debug_frame   0x000035e0       0x74 c:/ac6/systemworkbench/plugins/fr.ac6.mcu.externaltools.arm-none.win32_1.17.0.201812190825/tools/compiler/bin/../lib/gcc/arm-none-eabi/7.3.1/../../../../arm-none-eabi/lib/thumb/v7e-m/fpv4-sp/hard\libc.a(lib_a-svfiprintf.o)
 .debug_frame   0x00003654       0x34 c:/ac6/systemworkbench/plugins/fr.ac6.mcu.externaltools.arm-none.win32_1.17.0.201812190825/tools/compiler/bin/../lib/gcc/arm-none-eabi/7.3.1/../../../../arm-none-eabi/lib/thumb/v7e-m/fpv4-sp/hard\libc.a(lib_a-__atexit.o)
 .debug_frame   0x00003688       0x28 c:/ac6/systemworkbench/plugins/fr.ac6.mcu.externaltools.arm-none.win32_1.17.0.201812190825/tools/compiler/bin/../lib/gcc/arm-none-eabi/7.3.1/../../../../arm-none-eabi/lib/thumb/v7e-m/fpv4-sp/hard\libc.a(lib_a-callocr.o)
 .debug_frame   0x000036b0       0x6c c:/ac6/systemworkbench/plugins/fr.ac6.mcu.externaltools.arm-none.win32_1.17.0.201812190825/tools/compiler/bin/../lib/gcc/arm-none-eabi/7.3.1/../../../../arm-none-eabi/lib/thumb/v7e-m/fpv4-sp/hard\libc.a(lib_a-locale.o)
 .debug_frame   0x0000371c       0x4c c:/ac6/systemworkbench/plugins/fr.ac6.mcu.externaltools.arm-none.win32_1.17.0.201812190825/tools/compiler/bin/../lib/gcc/arm-none-eabi/7.3.1/../../../../arm-none-eabi/lib/thumb/v7e-m/fpv4-sp/hard\libc.a(lib_a-mbtowc_r.o)
 .debug_frame   0x00003768       0x40 c:/ac6/systemworkbench/plugins/fr.ac6.mcu.externaltools.arm-none.win32_1.17.0.201812190825/tools/compiler/bin/../lib/gcc/arm-none-eabi/7.3.1/../../../../arm-none-eabi/lib/thumb/v7e-m/fpv4-sp/hard\libc.a(lib_a-memmove.o)
 .debug_frame   0x000037a8       0x58 c:/ac6/systemworkbench/plugins/fr.ac6.mcu.externaltools.arm-none.win32_1.17.0.201812190825/tools/compiler/bin/../lib/gcc/arm-none-eabi/7.3.1/../../../../arm-none-eabi/lib/thumb/v7e-m/fpv4-sp/hard\libc.a(lib_a-reallocr.o)
 .debug_frame   0x00003800       0x68 c:/ac6/systemworkbench/plugins/fr.ac6.mcu.externaltools.arm-none.win32_1.17.0.201812190825/tools/compiler/bin/../lib/gcc/arm-none-eabi/7.3.1/../../../../arm-none-eabi/lib/thumb/v7e-m/fpv4-sp/hard\libc.a(lib_a-reent.o)
 .debug_frame   0x00003868       0x3c c:/ac6/systemworkbench/plugins/fr.ac6.mcu.externaltools.arm-none.win32_1.17.0.201812190825/tools/compiler/bin/../lib/gcc/arm-none-eabi/7.3.1/../../../../arm-none-eabi/lib/thumb/v7e-m/fpv4-sp/hard\libc.a(lib_a-wctomb_r.o)
 .debug_frame   0x000038a4       0xac c:/ac6/systemworkbench/plugins/fr.ac6.mcu.externaltools.arm-none.win32_1.17.0.201812190825/tools/compiler/bin/../lib/gcc/arm-none-eabi/7.3.1/thumb/v7e-m/fpv4-sp/hard\libgcc.a(_arm_addsubdf3.o)
 .debug_frame   0x00003950       0x50 c:/ac6/systemworkbench/plugins/fr.ac6.mcu.externaltools.arm-none.win32_1.17.0.201812190825/tools/compiler/bin/../lib/gcc/arm-none-eabi/7.3.1/thumb/v7e-m/fpv4-sp/hard\libgcc.a(_arm_muldivdf3.o)
 .debug_frame   0x000039a0       0xc4 c:/ac6/systemworkbench/plugins/fr.ac6.mcu.externaltools.arm-none.win32_1.17.0.201812190825/tools/compiler/bin/../lib/gcc/arm-none-eabi/7.3.1/thumb/v7e-m/fpv4-sp/hard\libgcc.a(_arm_cmpdf2.o)
 .debug_frame   0x00003a64       0x20 c:/ac6/systemworkbench/plugins/fr.ac6.mcu.externaltools.arm-none.win32_1.17.0.201812190825/tools/compiler/bin/../lib/gcc/arm-none-eabi/7.3.1/thumb/v7e-m/fpv4-sp/hard\libgcc.a(_arm_unorddf2.o)
 .debug_frame   0x00003a84       0x24 c:/ac6/systemworkbench/plugins/fr.ac6.mcu.externaltools.arm-none.win32_1.17.0.201812190825/tools/compiler/bin/../lib/gcc/arm-none-eabi/7.3.1/thumb/v7e-m/fpv4-sp/hard\libgcc.a(_arm_fixdfsi.o)
 .debug_frame   0x00003aa8       0x2c c:/ac6/systemworkbench/plugins/fr.ac6.mcu.externaltools.arm-none.win32_1.17.0.201812190825/tools/compiler/bin/../lib/gcc/arm-none-eabi/7.3.1/thumb/v7e-m/fpv4-sp/hard\libgcc.a(_aeabi_uldivmod.o)